Archive member included to satisfy reference by file (symbol)

c:/siliconlabs/simplicitystudio/v5/developer/toolchains/gnu_arm/12.2.rel1_2023.7/bin/../lib/gcc/arm-none-eabi/12.2.1/thumb/v8-m.main+fp/hard\libgcc.a(_arm_muldf3.o)
                              ./lm_75.o (__aeabi_dmul)
c:/siliconlabs/simplicitystudio/v5/developer/toolchains/gnu_arm/12.2.rel1_2023.7/bin/../lib/gcc/arm-none-eabi/12.2.1/thumb/v8-m.main+fp/hard\libgcc.a(_arm_addsubdf3.o)
                              ./gecko_sdk_4.4.1/util/third_party/printf/printf.o (__aeabi_dsub)
c:/siliconlabs/simplicitystudio/v5/developer/toolchains/gnu_arm/12.2.rel1_2023.7/bin/../lib/gcc/arm-none-eabi/12.2.1/thumb/v8-m.main+fp/hard\libgcc.a(_arm_muldivdf3.o)
                              ./gecko_sdk_4.4.1/util/third_party/printf/printf.o (__aeabi_ddiv)
c:/siliconlabs/simplicitystudio/v5/developer/toolchains/gnu_arm/12.2.rel1_2023.7/bin/../lib/gcc/arm-none-eabi/12.2.1/thumb/v8-m.main+fp/hard\libgcc.a(_arm_cmpdf2.o)
                              ./gecko_sdk_4.4.1/util/third_party/printf/printf.o (__aeabi_dcmpeq)
c:/siliconlabs/simplicitystudio/v5/developer/toolchains/gnu_arm/12.2.rel1_2023.7/bin/../lib/gcc/arm-none-eabi/12.2.1/thumb/v8-m.main+fp/hard\libgcc.a(_arm_fixdfsi.o)
                              ./gecko_sdk_4.4.1/util/third_party/printf/printf.o (__aeabi_d2iz)
c:/siliconlabs/simplicitystudio/v5/developer/toolchains/gnu_arm/12.2.rel1_2023.7/bin/../lib/gcc/arm-none-eabi/12.2.1/thumb/v8-m.main+fp/hard\libgcc.a(_arm_fixunsdfsi.o)
                              ./gecko_sdk_4.4.1/util/third_party/printf/printf.o (__aeabi_d2uiz)
c:/siliconlabs/simplicitystudio/v5/developer/toolchains/gnu_arm/12.2.rel1_2023.7/bin/../lib/gcc/arm-none-eabi/12.2.1/thumb/v8-m.main+fp/hard\libgcc.a(_arm_truncdfsf2.o)
                              ./lm_75.o (__aeabi_d2f)
c:/siliconlabs/simplicitystudio/v5/developer/toolchains/gnu_arm/12.2.rel1_2023.7/bin/../lib/gcc/arm-none-eabi/12.2.1/thumb/v8-m.main+fp/hard\libgcc.a(_aeabi_ldivmod.o)
                              ./gecko_sdk_4.4.1/platform/emlib/src/em_usart.o (__aeabi_ldivmod)
c:/siliconlabs/simplicitystudio/v5/developer/toolchains/gnu_arm/12.2.rel1_2023.7/bin/../lib/gcc/arm-none-eabi/12.2.1/thumb/v8-m.main+fp/hard\libgcc.a(_aeabi_uldivmod.o)
                              ./gecko_sdk_4.4.1/platform/emlib/src/em_usart.o (__aeabi_uldivmod)
c:/siliconlabs/simplicitystudio/v5/developer/toolchains/gnu_arm/12.2.rel1_2023.7/bin/../lib/gcc/arm-none-eabi/12.2.1/thumb/v8-m.main+fp/hard\libgcc.a(_udivmoddi4.o)
                              c:/siliconlabs/simplicitystudio/v5/developer/toolchains/gnu_arm/12.2.rel1_2023.7/bin/../lib/gcc/arm-none-eabi/12.2.1/thumb/v8-m.main+fp/hard\libgcc.a(_aeabi_ldivmod.o) (__udivmoddi4)
c:/siliconlabs/simplicitystudio/v5/developer/toolchains/gnu_arm/12.2.rel1_2023.7/bin/../lib/gcc/arm-none-eabi/12.2.1/thumb/v8-m.main+fp/hard\libgcc.a(_dvmd_tls.o)
                              c:/siliconlabs/simplicitystudio/v5/developer/toolchains/gnu_arm/12.2.rel1_2023.7/bin/../lib/gcc/arm-none-eabi/12.2.1/thumb/v8-m.main+fp/hard\libgcc.a(_aeabi_ldivmod.o) (__aeabi_ldiv0)
c:/siliconlabs/simplicitystudio/v5/developer/toolchains/gnu_arm/12.2.rel1_2023.7/bin/../lib/gcc/arm-none-eabi/12.2.1/thumb/v8-m.main+fp/hard\libc_nano.a(libc_a-exit.o)
                              c:/siliconlabs/simplicitystudio/v5/developer/toolchains/gnu_arm/12.2.rel1_2023.7/bin/../lib/gcc/arm-none-eabi/12.2.1/thumb/v8-m.main+fp/hard/crt0.o (exit)
c:/siliconlabs/simplicitystudio/v5/developer/toolchains/gnu_arm/12.2.rel1_2023.7/bin/../lib/gcc/arm-none-eabi/12.2.1/thumb/v8-m.main+fp/hard\libc_nano.a(libc_a-ctype_.o)
                              ./gecko_sdk_4.4.1/platform/common/src/sl_string.o (_ctype_)
c:/siliconlabs/simplicitystudio/v5/developer/toolchains/gnu_arm/12.2.rel1_2023.7/bin/../lib/gcc/arm-none-eabi/12.2.1/thumb/v8-m.main+fp/hard\libc_nano.a(libc_a-findfp.o)
                              c:/siliconlabs/simplicitystudio/v5/developer/toolchains/gnu_arm/12.2.rel1_2023.7/bin/../lib/gcc/arm-none-eabi/12.2.1/thumb/v8-m.main+fp/hard\libc_nano.a(libc_a-exit.o) (__stdio_exit_handler)
c:/siliconlabs/simplicitystudio/v5/developer/toolchains/gnu_arm/12.2.rel1_2023.7/bin/../lib/gcc/arm-none-eabi/12.2.1/thumb/v8-m.main+fp/hard\libc_nano.a(libc_a-fwalk.o)
                              c:/siliconlabs/simplicitystudio/v5/developer/toolchains/gnu_arm/12.2.rel1_2023.7/bin/../lib/gcc/arm-none-eabi/12.2.1/thumb/v8-m.main+fp/hard\libc_nano.a(libc_a-findfp.o) (_fwalk_sglue)
c:/siliconlabs/simplicitystudio/v5/developer/toolchains/gnu_arm/12.2.rel1_2023.7/bin/../lib/gcc/arm-none-eabi/12.2.1/thumb/v8-m.main+fp/hard\libc_nano.a(libc_a-stdio.o)
                              c:/siliconlabs/simplicitystudio/v5/developer/toolchains/gnu_arm/12.2.rel1_2023.7/bin/../lib/gcc/arm-none-eabi/12.2.1/thumb/v8-m.main+fp/hard\libc_nano.a(libc_a-findfp.o) (__sread)
[...]
Memory Configuration

Name             Origin             Length             Attributes
FLASH            0x00000000         0x0007e000         xr
RAM              0x20000000         0x00008000         xrw
*default*        0x00000000         0xffffffff

Linker script and memory map

LOAD c:/siliconlabs/simplicitystudio/v5/developer/toolchains/gnu_arm/12.2.rel1_2023.7/bin/../lib/gcc/arm-none-eabi/12.2.1/thumb/v8-m.main+fp/hard/crti.o
LOAD c:/siliconlabs/simplicitystudio/v5/developer/toolchains/gnu_arm/12.2.rel1_2023.7/bin/../lib/gcc/arm-none-eabi/12.2.1/thumb/v8-m.main+fp/hard/crtbegin.o
LOAD c:/siliconlabs/simplicitystudio/v5/developer/toolchains/gnu_arm/12.2.rel1_2023.7/bin/../lib/gcc/arm-none-eabi/12.2.1/thumb/v8-m.main+fp/hard/crt0.o
START GROUP
LOAD ./app.o
LOAD ./lm_75.o
LOAD ./main.o
LOAD ./autogen/sl_board_default_init.o
LOAD ./autogen/sl_device_init_clocks.o
LOAD ./autogen/sl_event_handler.o
LOAD ./autogen/sl_iostream_handles.o
LOAD ./autogen/sl_iostream_init_usart_instances.o
LOAD ./gecko_sdk_4.4.1/hardware/board/src/sl_board_control_gpio.o
LOAD ./gecko_sdk_4.4.1/hardware/board/src/sl_board_init.o
LOAD ./gecko_sdk_4.4.1/hardware/driver/configuration_over_swo/src/sl_cos.o
LOAD ./gecko_sdk_4.4.1/hardware/driver/mx25_flash_shutdown/src/sl_mx25_flash_shutdown_usart/sl_mx25_flash_shutdown.o
LOAD ./gecko_sdk_4.4.1/platform/Device/SiliconLabs/EFR32MG22/Source/startup_efr32mg22.o
LOAD ./gecko_sdk_4.4.1/platform/Device/SiliconLabs/EFR32MG22/Source/system_efr32mg22.o
LOAD ./gecko_sdk_4.4.1/platform/common/src/sl_assert.o
LOAD ./gecko_sdk_4.4.1/platform/common/src/sl_string.o
LOAD ./gecko_sdk_4.4.1/platform/common/src/sl_syscalls.o
LOAD ./gecko_sdk_4.4.1/platform/common/toolchain/src/sl_memory.o
LOAD ./gecko_sdk_4.4.1/platform/driver/debug/src/sl_debug_swo.o
LOAD ./gecko_sdk_4.4.1/platform/emdrv/dmadrv/src/dmadrv.o
LOAD ./gecko_sdk_4.4.1/platform/emlib/src/em_cmu.o
LOAD ./gecko_sdk_4.4.1/platform/emlib/src/em_core.o
LOAD ./gecko_sdk_4.4.1/platform/emlib/src/em_emu.o
LOAD ./gecko_sdk_4.4.1/platform/emlib/src/em_gpio.o
LOAD ./gecko_sdk_4.4.1/platform/emlib/src/em_i2c.o
LOAD ./gecko_sdk_4.4.1/platform/emlib/src/em_ldma.o
LOAD ./gecko_sdk_4.4.1/platform/emlib/src/em_msc.o
LOAD ./gecko_sdk_4.4.1/platform/emlib/src/em_system.o
LOAD ./gecko_sdk_4.4.1/platform/emlib/src/em_usart.o
LOAD ./gecko_sdk_4.4.1/platform/service/device_init/src/sl_device_init_dcdc_s2.o
LOAD ./gecko_sdk_4.4.1/platform/service/device_init/src/sl_device_init_emu_s2.o
LOAD ./gecko_sdk_4.4.1/platform/service/device_init/src/sl_device_init_hfxo_s2.o
LOAD ./gecko_sdk_4.4.1/platform/service/device_init/src/sl_device_init_lfxo_s2.o
LOAD ./gecko_sdk_4.4.1/platform/service/device_init/src/sl_device_init_nvic.o
LOAD ./gecko_sdk_4.4.1/platform/service/iostream/src/sl_iostream.o
LOAD ./gecko_sdk_4.4.1/platform/service/iostream/src/sl_iostream_uart.o
LOAD ./gecko_sdk_4.4.1/platform/service/iostream/src/sl_iostream_usart.o
LOAD ./gecko_sdk_4.4.1/platform/service/system/src/sl_system_init.o
LOAD ./gecko_sdk_4.4.1/platform/service/system/src/sl_system_process_action.o
LOAD ./gecko_sdk_4.4.1/platform/service/udelay/src/sl_udelay.o
LOAD ./gecko_sdk_4.4.1/platform/service/udelay/src/sl_udelay_armv6m_gcc.o
LOAD ./gecko_sdk_4.4.1/util/third_party/printf/printf.o
LOAD ./gecko_sdk_4.4.1/util/third_party/printf/src/iostream_printf.o
LOAD c:/siliconlabs/simplicitystudio/v5/developer/toolchains/gnu_arm/12.2.rel1_2023.7/bin/../lib/gcc/arm-none-eabi/12.2.1/thumb/v8-m.main+fp/hard\libgcc.a
LOAD c:/siliconlabs/simplicitystudio/v5/developer/toolchains/gnu_arm/12.2.rel1_2023.7/bin/../lib/gcc/arm-none-eabi/12.2.1/thumb/v8-m.main+fp/hard\libc_nano.a
LOAD c:/siliconlabs/simplicitystudio/v5/developer/toolchains/gnu_arm/12.2.rel1_2023.7/bin/../lib/gcc/arm-none-eabi/12.2.1/thumb/v8-m.main+fp/hard\libm.a
LOAD c:/siliconlabs/simplicitystudio/v5/developer/toolchains/gnu_arm/12.2.rel1_2023.7/bin/../lib/gcc/arm-none-eabi/12.2.1/thumb/v8-m.main+fp/hard\libnosys.a
END GROUP
START GROUP
LOAD c:/siliconlabs/simplicitystudio/v5/developer/toolchains/gnu_arm/12.2.rel1_2023.7/bin/../lib/gcc/arm-none-eabi/12.2.1/thumb/v8-m.main+fp/hard\libgcc.a
LOAD c:/siliconlabs/simplicitystudio/v5/developer/toolchains/gnu_arm/12.2.rel1_2023.7/bin/../lib/gcc/arm-none-eabi/12.2.1/thumb/v8-m.main+fp/hard\libc_nano.a
LOAD c:/siliconlabs/simplicitystudio/v5/developer/toolchains/gnu_arm/12.2.rel1_2023.7/bin/../lib/gcc/arm-none-eabi/12.2.1/thumb/v8-m.main+fp/hard\libnosys.a
END GROUP
START GROUP
LOAD c:/siliconlabs/simplicitystudio/v5/developer/toolchains/gnu_arm/12.2.rel1_2023.7/bin/../lib/gcc/arm-none-eabi/12.2.1/thumb/v8-m.main+fp/hard\libgcc.a
LOAD c:/siliconlabs/simplicitystudio/v5/developer/toolchains/gnu_arm/12.2.rel1_2023.7/bin/../lib/gcc/arm-none-eabi/12.2.1/thumb/v8-m.main+fp/hard\libg_nano.a
LOAD c:/siliconlabs/simplicitystudio/v5/developer/toolchains/gnu_arm/12.2.rel1_2023.7/bin/../lib/gcc/arm-none-eabi/12.2.1/thumb/v8-m.main+fp/hard\libc_nano.a
END GROUP
START GROUP
LOAD c:/siliconlabs/simplicitystudio/v5/developer/toolchains/gnu_arm/12.2.rel1_2023.7/bin/../lib/gcc/arm-none-eabi/12.2.1/thumb/v8-m.main+fp/hard\libgcc.a
LOAD c:/siliconlabs/simplicitystudio/v5/developer/toolchains/gnu_arm/12.2.rel1_2023.7/bin/../lib/gcc/arm-none-eabi/12.2.1/thumb/v8-m.main+fp/hard\libc_nano.a
END GROUP
LOAD c:/siliconlabs/simplicitystudio/v5/developer/toolchains/gnu_arm/12.2.rel1_2023.7/bin/../lib/gcc/arm-none-eabi/12.2.1/thumb/v8-m.main+fp/hard/crtend.o
LOAD c:/siliconlabs/simplicitystudio/v5/developer/toolchains/gnu_arm/12.2.rel1_2023.7/bin/../lib/gcc/arm-none-eabi/12.2.1/thumb/v8-m.main+fp/hard/crtn.o

.text           0x00000000     0x5458
                0x00000000                linker_vectors_begin = .
 *(.vectors)
 .vectors       0x00000000      0x140 ./gecko_sdk_4.4.1/platform/Device/SiliconLabs/EFR32MG22/Source/startup_efr32mg22.o
                0x00000000                __Vectors
                0x00000140                linker_vectors_end = .
                0x00000140                __Vectors_End = .
                0x00000140                __Vectors_Size = (__Vectors_End - __Vectors)
                0x00000140                linker_code_begin = .
 *(SORT_BY_ALIGNMENT(.text*))
 .text          0x00000140        0x8 ./gecko_sdk_4.4.1/platform/service/udelay/src/sl_udelay_armv6m_gcc.o
                0x00000140                sli_delay_loop
 .text._etoa    0x00000148      0x374 ./gecko_sdk_4.4.1/util/third_party/printf/printf.o
 *fill*         0x000004bc        0x4 
 .text._ftoa    0x000004c0      0x30c ./gecko_sdk_4.4.1/util/third_party/printf/printf.o
 .text.deregister_tm_clones
                0x000007cc       0x1c c:/siliconlabs/simplicitystudio/v5/developer/toolchains/gnu_arm/12.2.rel1_2023.7/bin/../lib/gcc/arm-none-eabi/12.2.1/thumb/v8-m.main+fp/hard/crtbegin.o
 .text.register_tm_clones
                0x000007e8       0x28 c:/siliconlabs/simplicitystudio/v5/developer/toolchains/gnu_arm/12.2.rel1_2023.7/bin/../lib/gcc/arm-none-eabi/12.2.1/thumb/v8-m.main+fp/hard/crtbegin.o
 .text.__do_global_dtors_aux
                0x00000810       0x28 c:/siliconlabs/simplicitystudio/v5/developer/toolchains/gnu_arm/12.2.rel1_2023.7/bin/../lib/gcc/arm-none-eabi/12.2.1/thumb/v8-m.main+fp/hard/crtbegin.o
 .text.frame_dummy
                0x00000838       0x24 c:/siliconlabs/simplicitystudio/v5/developer/toolchains/gnu_arm/12.2.rel1_2023.7/bin/../lib/gcc/arm-none-eabi/12.2.1/thumb/v8-m.main+fp/hard/crtbegin.o
 .text          0x0000085c       0x7c c:/siliconlabs/simplicitystudio/v5/developer/toolchains/gnu_arm/12.2.rel1_2023.7/bin/../lib/gcc/arm-none-eabi/12.2.1/thumb/v8-m.main+fp/hard/crt0.o
                0x0000085c                _stack_init
                0x00000864                _start
                0x00000864                _mainCRTStartup
 .text.app_init
                0x000008d8       0x30 ./app.o
                0x000008d8                app_init
 .text.initGPIO
                0x00000908       0x2c ./lm_75.o
                0x00000908                initGPIO
 .text.initI2C  0x00000934       0x80 ./lm_75.o
                0x00000934                initI2C
 .text.I2C_LeaderRead
                0x000009b4       0x54 ./lm_75.o
                0x000009b4                I2C_LeaderRead
 .text.I2C_LeaderWrite
                0x00000a08       0x6c ./lm_75.o
                0x00000a08                I2C_LeaderWrite
 .text.lm_75_readTemp
                0x00000a74       0x50 ./lm_75.o
                0x00000a74                lm_75_readTemp
 .text.sl_device_init_clocks
                0x00000ac4       0x9c ./autogen/sl_device_init_clocks.o
                0x00000ac4                sl_device_init_clocks
 .text.sl_platform_init
                0x00000b60       0x58 ./autogen/sl_event_handler.o
                0x00000b60                sl_platform_init
 .text.sl_iostream_usart_init_vcom
                0x00000bb8       0xbc ./autogen/sl_iostream_init_usart_instances.o
                0x00000bb8                sl_iostream_usart_init_vcom
 .text.sl_iostream_usart_init_instances
                0x00000c74       0x1c ./autogen/sl_iostream_init_usart_instances.o
                0x00000c74                sl_iostream_usart_init_instances
 .text.USART1_RX_IRQHandler
                0x00000c90        0xc ./autogen/sl_iostream_init_usart_instances.o
                0x00000c90                USART1_RX_IRQHandler
 .text.cs_high  0x00000c9c        0xc ./gecko_sdk_4.4.1/hardware/driver/mx25_flash_shutdown/src/sl_mx25_flash_shutdown_usart/sl_mx25_flash_shutdown.o
 .text.cs_low   0x00000ca8        0xc ./gecko_sdk_4.4.1/hardware/driver/mx25_flash_shutdown/src/sl_mx25_flash_shutdown_usart/sl_mx25_flash_shutdown.o
 .text.sl_mx25_flash_shutdown
                0x00000cb4      0x114 ./gecko_sdk_4.4.1/hardware/driver/mx25_flash_shutdown/src/sl_mx25_flash_shutdown_usart/sl_mx25_flash_shutdown.o
                0x00000cb4                sl_mx25_flash_shutdown
 .text.CopyRamFuncs
                0x00000dc8       0x1c ./gecko_sdk_4.4.1/platform/Device/SiliconLabs/EFR32MG22/Source/startup_efr32mg22.o
                0x00000dc8                CopyRamFuncs
 .text.Reset_Handler
                0x00000de4       0x64 ./gecko_sdk_4.4.1/platform/Device/SiliconLabs/EFR32MG22/Source/startup_efr32mg22.o
                0x00000de4                Reset_Handler
 .text.SystemInit
                0x00000e48       0x64 ./gecko_sdk_4.4.1/platform/Device/SiliconLabs/EFR32MG22/Source/system_efr32mg22.o
                0x00000e48                SystemInit
 .text.SystemHFRCODPLLClockGet
                0x00000eac        0xc ./gecko_sdk_4.4.1/platform/Device/SiliconLabs/EFR32MG22/Source/system_efr32mg22.o
                0x00000eac                SystemHFRCODPLLClockGet
 .text.SystemSYSCLKGet
                0x00000eb8       0x34 ./gecko_sdk_4.4.1/platform/Device/SiliconLabs/EFR32MG22/Source/system_efr32mg22.o
                0x00000eb8                SystemSYSCLKGet
 .text.SystemHCLKGet
                0x00000eec       0x24 ./gecko_sdk_4.4.1/platform/Device/SiliconLabs/EFR32MG22/Source/system_efr32mg22.o
                0x00000eec                SystemHCLKGet
 .text.SystemMaxCoreClockGet
                0x00000f10        0x8 ./gecko_sdk_4.4.1/platform/Device/SiliconLabs/EFR32MG22/Source/system_efr32mg22.o
                0x00000f10                SystemMaxCoreClockGet
 .text.SystemHFXOClockGet
                0x00000f18        0xc ./gecko_sdk_4.4.1/platform/Device/SiliconLabs/EFR32MG22/Source/system_efr32mg22.o
                0x00000f18                SystemHFXOClockGet
 .text.SystemHFXOClockSet
                0x00000f24       0x20 ./gecko_sdk_4.4.1/platform/Device/SiliconLabs/EFR32MG22/Source/system_efr32mg22.o
                0x00000f24                SystemHFXOClockSet
 .text.SystemFSRCOClockGet
                0x00000f44        0x8 ./gecko_sdk_4.4.1/platform/Device/SiliconLabs/EFR32MG22/Source/system_efr32mg22.o
                0x00000f44                SystemFSRCOClockGet
 .text.SystemLFXOClockGet
                0x00000f4c        0xc ./gecko_sdk_4.4.1/platform/Device/SiliconLabs/EFR32MG22/Source/system_efr32mg22.o
                0x00000f4c                SystemLFXOClockGet
 .text.sl_debug_swo_init
                0x00000f58       0xc0 ./gecko_sdk_4.4.1/platform/driver/debug/src/sl_debug_swo.o
                0x00000f58                sl_debug_swo_init
 .text.sl_debug_swo_write_u8
                0x00001018       0x44 ./gecko_sdk_4.4.1/platform/driver/debug/src/sl_debug_swo.o
                0x00001018                sl_debug_swo_write_u8
 .text.StartTransfer
                0x0000105c      0x17c ./gecko_sdk_4.4.1/platform/emdrv/dmadrv/src/dmadrv.o
 .text.DMADRV_AllocateChannel
                0x000011d8       0x60 ./gecko_sdk_4.4.1/platform/emdrv/dmadrv/src/dmadrv.o
                0x000011d8                DMADRV_AllocateChannel
 .text.DMADRV_DeInit
                0x00001238       0x44 ./gecko_sdk_4.4.1/platform/emdrv/dmadrv/src/dmadrv.o
                0x00001238                DMADRV_DeInit
 .text.DMADRV_FreeChannel
                0x0000127c       0x4c ./gecko_sdk_4.4.1/platform/emdrv/dmadrv/src/dmadrv.o
                0x0000127c                DMADRV_FreeChannel
 .text.DMADRV_Init
                0x000012c8       0x68 ./gecko_sdk_4.4.1/platform/emdrv/dmadrv/src/dmadrv.o
                0x000012c8                DMADRV_Init
 .text.DMADRV_PauseTransfer
                0x00001330       0x40 ./gecko_sdk_4.4.1/platform/emdrv/dmadrv/src/dmadrv.o
                0x00001330                DMADRV_PauseTransfer
 .text.DMADRV_ResumeTransfer
                0x00001370       0x40 ./gecko_sdk_4.4.1/platform/emdrv/dmadrv/src/dmadrv.o
                0x00001370                DMADRV_ResumeTransfer
 .text.DMADRV_StopTransfer
                0x000013b0       0x40 ./gecko_sdk_4.4.1/platform/emdrv/dmadrv/src/dmadrv.o
                0x000013b0                DMADRV_StopTransfer
 .text.DMADRV_TransferCompletePending
                0x000013f0       0x50 ./gecko_sdk_4.4.1/platform/emdrv/dmadrv/src/dmadrv.o
                0x000013f0                DMADRV_TransferCompletePending
 .text.DMADRV_TransferDone
                0x00001440       0x44 ./gecko_sdk_4.4.1/platform/emdrv/dmadrv/src/dmadrv.o
                0x00001440                DMADRV_TransferDone
 .text.LDMA_IRQHandler
                0x00001484       0x74 ./gecko_sdk_4.4.1/platform/emdrv/dmadrv/src/dmadrv.o
                0x00001484                LDMA_IRQHandler
 .text.EMU_VScaleGet
                0x000014f8       0x18 ./gecko_sdk_4.4.1/platform/emlib/src/em_cmu.o
 .text.em01GrpaClkGet
                0x00001510       0x48 ./gecko_sdk_4.4.1/platform/emlib/src/em_cmu.o
 .text.iadcClkGet
                0x00001558       0x54 ./gecko_sdk_4.4.1/platform/emlib/src/em_cmu.o
 .text.em01GrpbClkGet
                0x000015ac       0x74 ./gecko_sdk_4.4.1/platform/emlib/src/em_cmu.o
 .text.em23GrpaClkGet
                0x00001620       0x48 ./gecko_sdk_4.4.1/platform/emlib/src/em_cmu.o
 .text.wdog0ClkGet
                0x00001668       0x64 ./gecko_sdk_4.4.1/platform/emlib/src/em_cmu.o
 .text.rtccClkGet
                0x000016cc       0x54 ./gecko_sdk_4.4.1/platform/emlib/src/em_cmu.o
 .text.em4GrpaClkGet
                0x00001720       0x48 ./gecko_sdk_4.4.1/platform/emlib/src/em_cmu.o
 .text.euart0ClkGet
                0x00001768       0x48 ./gecko_sdk_4.4.1/platform/emlib/src/em_cmu.o
 .text.CMU_ClockDivGet
                0x000017b0       0x84 ./gecko_sdk_4.4.1/platform/emlib/src/em_cmu.o
                0x000017b0                CMU_ClockDivGet
 .text.flashWaitStateControl
                0x00001834       0x4c ./gecko_sdk_4.4.1/platform/emlib/src/em_cmu.o
 .text.CMU_ClockEnable
                0x00001880       0x54 ./gecko_sdk_4.4.1/platform/emlib/src/em_cmu.o
                0x00001880                CMU_ClockEnable
 .text.CMU_ClockFreqGet
                0x000018d4      0x198 ./gecko_sdk_4.4.1/platform/emlib/src/em_cmu.o
                0x000018d4                CMU_ClockFreqGet
 .text.rhclkPrescOptimize
                0x00001a6c       0x20 ./gecko_sdk_4.4.1/platform/emlib/src/em_cmu.o
 .text.CMU_ClockSelectGet
                0x00001a8c      0x168 ./gecko_sdk_4.4.1/platform/emlib/src/em_cmu.o
                0x00001a8c                CMU_ClockSelectGet
 .text.sli_em_cmu_HFXOSetForceEnable
                0x00001bf4       0x18 ./gecko_sdk_4.4.1/platform/emlib/src/em_cmu.o
                0x00001bf4                sli_em_cmu_HFXOSetForceEnable
 .text.CMU_HFXOInit
                0x00001c0c      0x1dc ./gecko_sdk_4.4.1/platform/emlib/src/em_cmu.o
                0x00001c0c                CMU_HFXOInit
 .text.CMU_HFXOCTuneDeltaGet
                0x00001de8        0xc ./gecko_sdk_4.4.1/platform/emlib/src/em_cmu.o
                0x00001de8                CMU_HFXOCTuneDeltaGet
 .text.CMU_LFXOInit
                0x00001df4       0xc4 ./gecko_sdk_4.4.1/platform/emlib/src/em_cmu.o
                0x00001df4                CMU_LFXOInit
 .text.CMU_LFXOPrecisionSet
                0x00001eb8        0xc ./gecko_sdk_4.4.1/platform/emlib/src/em_cmu.o
                0x00001eb8                CMU_LFXOPrecisionSet
 .text.CMU_HFXOPrecisionSet
                0x00001ec4        0xc ./gecko_sdk_4.4.1/platform/emlib/src/em_cmu.o
                0x00001ec4                CMU_HFXOPrecisionSet
 .text.CMU_ClockDivSet
                0x00001ed0      0x104 ./gecko_sdk_4.4.1/platform/emlib/src/em_cmu.o
                0x00001ed0                CMU_ClockDivSet
 .text.sli_em_cmu_SYSCLKInitPreClockSelect
                0x00001fd4       0x20 ./gecko_sdk_4.4.1/platform/emlib/src/em_cmu.o
                0x00001fd4                sli_em_cmu_SYSCLKInitPreClockSelect
 .text.pclkDivOptimize
                0x00001ff4       0x24 ./gecko_sdk_4.4.1/platform/emlib/src/em_cmu.o
 .text.EMU_EM4Init
                0x00002018       0x14 ./gecko_sdk_4.4.1/platform/emlib/src/em_emu.o
                0x00002018                EMU_EM4Init
 .text.EMU_VScaleEM01
                0x0000202c       0xa8 ./gecko_sdk_4.4.1/platform/emlib/src/em_emu.o
                0x0000202c                EMU_VScaleEM01
 .text.EMU_VScaleEM01ByClock
                0x000020d4       0x30 ./gecko_sdk_4.4.1/platform/emlib/src/em_emu.o
                0x000020d4                EMU_VScaleEM01ByClock
 .text.EMU_DCDCModeSet
                0x00002104       0xb8 ./gecko_sdk_4.4.1/platform/emlib/src/em_emu.o
                0x00002104                EMU_DCDCModeSet
 .text.EMU_DCDCInit
                0x000021bc       0x74 ./gecko_sdk_4.4.1/platform/emlib/src/em_emu.o
                0x000021bc                EMU_DCDCInit
 .text.GPIO_PinOutSet
                0x00002230       0x40 ./gecko_sdk_4.4.1/platform/emlib/src/em_gpio.o
 .text.GPIO_PinOutClear
                0x00002270       0x40 ./gecko_sdk_4.4.1/platform/emlib/src/em_gpio.o
 .text.GPIO_PinModeSet
                0x000022b0       0x90 ./gecko_sdk_4.4.1/platform/emlib/src/em_gpio.o
                0x000022b0                GPIO_PinModeSet
 .text.I2C_BusFreqSet
                0x00002340      0x10c ./gecko_sdk_4.4.1/platform/emlib/src/em_i2c.o
                0x00002340                I2C_BusFreqSet
 .text.I2C_Enable
                0x0000244c       0x3c ./gecko_sdk_4.4.1/platform/emlib/src/em_i2c.o
                0x0000244c                I2C_Enable
 .text.I2C_Init
                0x00002488       0x68 ./gecko_sdk_4.4.1/platform/emlib/src/em_i2c.o
                0x00002488                I2C_Init
 .text.I2C_Transfer
                0x000024f0      0x240 ./gecko_sdk_4.4.1/platform/emlib/src/em_i2c.o
                0x000024f0                I2C_Transfer
 .text.I2C_TransferInit
                0x00002730       0xc0 ./gecko_sdk_4.4.1/platform/emlib/src/em_i2c.o
                0x00002730                I2C_TransferInit
 .text.LDMA_DeInit
                0x000027f0       0x3c ./gecko_sdk_4.4.1/platform/emlib/src/em_ldma.o
                0x000027f0                LDMA_DeInit
 .text.LDMA_EnableChannelRequest
                0x0000282c       0x40 ./gecko_sdk_4.4.1/platform/emlib/src/em_ldma.o
                0x0000282c                LDMA_EnableChannelRequest
 .text.LDMA_Init
                0x0000286c       0x94 ./gecko_sdk_4.4.1/platform/emlib/src/em_ldma.o
                0x0000286c                LDMA_Init
 .text.LDMA_StartTransfer
                0x00002900      0x100 ./gecko_sdk_4.4.1/platform/emlib/src/em_ldma.o
                0x00002900                LDMA_StartTransfer
 .text.LDMA_StopTransfer
                0x00002a00       0x38 ./gecko_sdk_4.4.1/platform/emlib/src/em_ldma.o
                0x00002a00                LDMA_StopTransfer
 .text.LDMA_TransferDone
                0x00002a38       0x44 ./gecko_sdk_4.4.1/platform/emlib/src/em_ldma.o
                0x00002a38                LDMA_TransferDone
 .text.SYSTEM_GetProdRev
                0x00002a7c       0x10 ./gecko_sdk_4.4.1/platform/emlib/src/em_system.o
                0x00002a7c                SYSTEM_GetProdRev
 .text.USART_BaudrateAsyncSet
                0x00002a8c       0xe0 ./gecko_sdk_4.4.1/platform/emlib/src/em_usart.o
                0x00002a8c                USART_BaudrateAsyncSet
 .text.USART_BaudrateSyncSet
                0x00002b6c       0x48 ./gecko_sdk_4.4.1/platform/emlib/src/em_usart.o
                0x00002b6c                USART_BaudrateSyncSet
 .text.USART_Enable
                0x00002bb4       0x44 ./gecko_sdk_4.4.1/platform/emlib/src/em_usart.o
                0x00002bb4                USART_Enable
 .text.USART_Reset
                0x00002bf8       0x70 ./gecko_sdk_4.4.1/platform/emlib/src/em_usart.o
                0x00002bf8                USART_Reset
 .text.USART_InitAsync
                0x00002c68      0x124 ./gecko_sdk_4.4.1/platform/emlib/src/em_usart.o
                0x00002c68                USART_InitAsync
 .text.USART_InitSync
                0x00002d8c       0xcc ./gecko_sdk_4.4.1/platform/emlib/src/em_usart.o
                0x00002d8c                USART_InitSync
 .text.sl_device_init_dcdc
                0x00002e58       0x20 ./gecko_sdk_4.4.1/platform/service/device_init/src/sl_device_init_dcdc_s2.o
                0x00002e58                sl_device_init_dcdc
 .text.sl_device_init_emu
                0x00002e78       0x24 ./gecko_sdk_4.4.1/platform/service/device_init/src/sl_device_init_emu_s2.o
                0x00002e78                sl_device_init_emu
 .text.sl_device_init_hfxo
                0x00002e9c       0x70 ./gecko_sdk_4.4.1/platform/service/device_init/src/sl_device_init_hfxo_s2.o
                0x00002e9c                sl_device_init_hfxo
 .text.sl_device_init_lfxo
                0x00002f0c       0x2c ./gecko_sdk_4.4.1/platform/service/device_init/src/sl_device_init_lfxo_s2.o
                0x00002f0c                sl_device_init_lfxo
 .text.sl_device_init_nvic
                0x00002f38       0x3c ./gecko_sdk_4.4.1/platform/service/device_init/src/sl_device_init_nvic.o
                0x00002f38                sl_device_init_nvic
 .text.sl_iostream_set_default
                0x00002f74       0x18 ./gecko_sdk_4.4.1/platform/service/iostream/src/sl_iostream.o
                0x00002f74                sl_iostream_set_default
 .text.sl_iostream_get_default
                0x00002f8c       0x18 ./gecko_sdk_4.4.1/platform/service/iostream/src/sl_iostream.o
                0x00002f8c                sl_iostream_get_default
 .text.get_write_ptr
                0x00002fa4       0x40 ./gecko_sdk_4.4.1/platform/service/iostream/src/sl_iostream_uart.o
 .text.dma_irq_handler
                0x00002fe4       0x74 ./gecko_sdk_4.4.1/platform/service/iostream/src/sl_iostream_uart.o
 .text.uart_read
                0x00003058      0x1f4 ./gecko_sdk_4.4.1/platform/service/iostream/src/sl_iostream_uart.o
 .text.uart_deinit
                0x0000324c       0x98 ./gecko_sdk_4.4.1/platform/service/iostream/src/sl_iostream_uart.o
 .text.uart_write
                0x000032e4       0xc0 ./gecko_sdk_4.4.1/platform/service/iostream/src/sl_iostream_uart.o
 .text.sli_iostream_uart_context_init
                0x000033a4       0xf8 ./gecko_sdk_4.4.1/platform/service/iostream/src/sl_iostream_uart.o
                0x000033a4                sli_iostream_uart_context_init
 .text.sl_iostream_usart_init
                0x0000349c      0x174 ./gecko_sdk_4.4.1/platform/service/iostream/src/sl_iostream_usart.o
                0x0000349c                sl_iostream_usart_init
 .text.sl_udelay_wait
                0x00003610       0x58 ./gecko_sdk_4.4.1/platform/service/udelay/src/sl_udelay.o
                0x00003610                sl_udelay_wait
 .text._vsnprintf
                0x00003668      0x528 ./gecko_sdk_4.4.1/util/third_party/printf/printf.o
 .text.printf   0x00003b90       0x28 ./gecko_sdk_4.4.1/util/third_party/printf/printf.o
                0x00003b90                printf
 .text          0x00003bb8      0x378 c:/siliconlabs/simplicitystudio/v5/developer/toolchains/gnu_arm/12.2.rel1_2023.7/bin/../lib/gcc/arm-none-eabi/12.2.1/thumb/v8-m.main+fp/hard\libgcc.a(_arm_addsubdf3.o)
                0x00003bb8                __aeabi_drsub
                0x00003bc0                __aeabi_dsub
                0x00003bc0                __subdf3
                0x00003bc4                __aeabi_dadd
                0x00003bc4                __adddf3
                0x00003e3c                __floatunsidf
                0x00003e3c                __aeabi_ui2d
                0x00003e5c                __floatsidf
                0x00003e5c                __aeabi_i2d
                0x00003e80                __aeabi_f2d
                0x00003e80                __extendsfdf2
                0x00003ec4                __floatundidf
                0x00003ec4                __aeabi_ul2d
                0x00003ed4                __floatdidf
                0x00003ed4                __aeabi_l2d
 .text          0x00003f30      0x424 c:/siliconlabs/simplicitystudio/v5/developer/toolchains/gnu_arm/12.2.rel1_2023.7/bin/../lib/gcc/arm-none-eabi/12.2.1/thumb/v8-m.main+fp/hard\libgcc.a(_arm_muldivdf3.o)
                0x00003f30                __aeabi_dmul
                0x00003f30                __muldf3
                0x00004184                __divdf3
                0x00004184                __aeabi_ddiv
 .text          0x00004354      0x110 c:/siliconlabs/simplicitystudio/v5/developer/toolchains/gnu_arm/12.2.rel1_2023.7/bin/../lib/gcc/arm-none-eabi/12.2.1/thumb/v8-m.main+fp/hard\libgcc.a(_arm_cmpdf2.o)
                0x00004354                __gtdf2
                0x00004354                __gedf2
                0x0000435c                __ltdf2
                0x0000435c                __ledf2
                0x00004364                __nedf2
                0x00004364                __eqdf2
                0x00004364                __cmpdf2
                0x000043e0                __aeabi_cdrcmple
                0x000043f0                __aeabi_cdcmpeq
                0x000043f0                __aeabi_cdcmple
                0x00004400                __aeabi_dcmpeq
                0x00004414                __aeabi_dcmplt
                0x00004428                __aeabi_dcmple
                0x0000443c                __aeabi_dcmpge
                0x00004450                __aeabi_dcmpgt
 .text          0x00004464       0x50 c:/siliconlabs/simplicitystudio/v5/developer/toolchains/gnu_arm/12.2.rel1_2023.7/bin/../lib/gcc/arm-none-eabi/12.2.1/thumb/v8-m.main+fp/hard\libgcc.a(_arm_fixdfsi.o)
                0x00004464                __aeabi_d2iz
                0x00004464                __fixdfsi
 .text          0x000044b4       0x40 c:/siliconlabs/simplicitystudio/v5/developer/toolchains/gnu_arm/12.2.rel1_2023.7/bin/../lib/gcc/arm-none-eabi/12.2.1/thumb/v8-m.main+fp/hard\libgcc.a(_arm_fixunsdfsi.o)
                0x000044b4                __aeabi_d2uiz
                0x000044b4                __fixunsdfsi
 .text          0x000044f4       0xa0 c:/siliconlabs/simplicitystudio/v5/developer/toolchains/gnu_arm/12.2.rel1_2023.7/bin/../lib/gcc/arm-none-eabi/12.2.1/thumb/v8-m.main+fp/hard\libgcc.a(_arm_truncdfsf2.o)
                0x000044f4                __truncdfsf2
                0x000044f4                __aeabi_d2f
 .text          0x00004594       0x30 c:/siliconlabs/simplicitystudio/v5/developer/toolchains/gnu_arm/12.2.rel1_2023.7/bin/../lib/gcc/arm-none-eabi/12.2.1/thumb/v8-m.main+fp/hard\libgcc.a(_aeabi_uldivmod.o)
                0x00004594                __aeabi_uldivmod
 .text.__udivmoddi4
                0x000045c4      0x2ec c:/siliconlabs/simplicitystudio/v5/developer/toolchains/gnu_arm/12.2.rel1_2023.7/bin/../lib/gcc/arm-none-eabi/12.2.1/thumb/v8-m.main+fp/hard\libgcc.a(_udivmoddi4.o)
                0x000045c4                __udivmoddi4
 .text          0x000048b0        0x4 c:/siliconlabs/simplicitystudio/v5/developer/toolchains/gnu_arm/12.2.rel1_2023.7/bin/../lib/gcc/arm-none-eabi/12.2.1/thumb/v8-m.main+fp/hard\libgcc.a(_dvmd_tls.o)
                0x000048b0                __aeabi_idiv0
                0x000048b0                __aeabi_ldiv0
 .text.exit     0x000048b4       0x24 c:/siliconlabs/simplicitystudio/v5/developer/toolchains/gnu_arm/12.2.rel1_2023.7/bin/../lib/gcc/arm-none-eabi/12.2.1/thumb/v8-m.main+fp/hard\libc_nano.a(libc_a-exit.o)
                0x000048b4                exit
 .text.__libc_init_array
                0x000048d8       0x48 c:/siliconlabs/simplicitystudio/v5/developer/toolchains/gnu_arm/12.2.rel1_2023.7/bin/../lib/gcc/arm-none-eabi/12.2.1/thumb/v8-m.main+fp/hard\libc_nano.a(libc_a-init.o)
                0x000048d8                __libc_init_array
 .text.app_process_action
                0x00004920        0x2 ./app.o
                0x00004920                app_process_action
 .text.initCMU  0x00004922       0x16 ./lm_75.o
                0x00004922                initCMU
 .text.lm_75_init
                0x00004938       0x12 ./lm_75.o
                0x00004938                lm_75_init
 .text.startup.main
                0x0000494a       0x14 ./main.o
                0x0000494a                main
 .text.sl_board_default_init
                0x0000495e        0x4 ./autogen/sl_board_default_init.o
                0x0000495e                sl_board_default_init
 .text.sl_driver_init
                0x00004962        0xe ./autogen/sl_event_handler.o
                0x00004962                sl_driver_init
 .text.sl_service_init
                0x00004970        0xe ./autogen/sl_event_handler.o
                0x00004970                sl_service_init
 .text.sl_stack_init
                0x0000497e        0x2 ./autogen/sl_event_handler.o
                0x0000497e                sl_stack_init
 .text.sl_internal_app_init
                0x00004980        0x2 ./autogen/sl_event_handler.o
                0x00004980                sl_internal_app_init
 .text.sl_platform_process_action
                0x00004982        0x2 ./autogen/sl_event_handler.o
                0x00004982                sl_platform_process_action
 .text.sl_service_process_action
                0x00004984        0x2 ./autogen/sl_event_handler.o
                0x00004984                sl_service_process_action
 .text.sl_stack_process_action
                0x00004986        0x2 ./autogen/sl_event_handler.o
                0x00004986                sl_stack_process_action
 .text.sl_internal_app_process_action
                0x00004988        0x2 ./autogen/sl_event_handler.o
                0x00004988                sl_internal_app_process_action
 .text.USART1_TX_IRQHandler
                0x0000498a        0x4 ./autogen/sl_iostream_init_usart_instances.o
                0x0000498a                USART1_TX_IRQHandler
 .text.sl_board_enable_vcom
                0x0000498e       0x12 ./gecko_sdk_4.4.1/hardware/board/src/sl_board_control_gpio.o
                0x0000498e                sl_board_enable_vcom
 .text.sl_board_configure_vcom
                0x000049a0        0x4 ./gecko_sdk_4.4.1/hardware/board/src/sl_board_control_gpio.o
                0x000049a0                sl_board_configure_vcom
 .text.sl_board_disable_vcom
                0x000049a4       0x12 ./gecko_sdk_4.4.1/hardware/board/src/sl_board_control_gpio.o
                0x000049a4                sl_board_disable_vcom
 .text.sl_board_init
                0x000049b6       0x16 ./gecko_sdk_4.4.1/hardware/board/src/sl_board_init.o
                0x000049b6                sl_board_init
 .text.sl_board_preinit
                0x000049cc        0x8 ./gecko_sdk_4.4.1/hardware/board/src/sl_board_init.o
                0x000049cc                sl_board_preinit
 .text.sli_cos_swo_itm_8_write.constprop.0.isra.0
                0x000049d4       0x78 ./gecko_sdk_4.4.1/hardware/driver/configuration_over_swo/src/sl_cos.o
 .text.sl_cos_send_config
                0x00004a4c       0x12 ./gecko_sdk_4.4.1/hardware/driver/configuration_over_swo/src/sl_cos.o
                0x00004a4c                sl_cos_send_config
 .text.sl_cos_config_vcom
                0x00004a5e       0x1e ./gecko_sdk_4.4.1/hardware/driver/configuration_over_swo/src/sl_cos.o
                0x00004a5e                sl_cos_config_vcom
 .text.Default_Handler
                0x00004a7c        0x2 ./gecko_sdk_4.4.1/platform/Device/SiliconLabs/EFR32MG22/Source/startup_efr32mg22.o
                0x00004a7c                ULFRCO_IRQHandler
                0x00004a7c                SW2_IRQHandler
                0x00004a7c                TIMER2_IRQHandler
                0x00004a7c                DebugMon_Handler
                0x00004a7c                PKE_IRQHandler
                0x00004a7c                USART0_TX_IRQHandler
                0x00004a7c                PRORTC_IRQHandler
                0x00004a7c                IADC_IRQHandler
                0x00004a7c                I2C0_IRQHandler
                0x00004a7c                LFXO_IRQHandler
                0x00004a7c                CRYPTOACC_IRQHandler
                0x00004a7c                HardFault_Handler
                0x00004a7c                SMU_SECURE_IRQHandler
                0x00004a7c                SysTick_Handler
                0x00004a7c                EMUEFP_IRQHandler
                0x00004a7c                PendSV_Handler
                0x00004a7c                NMI_Handler
                0x00004a7c                SYNTH_IRQHandler
                0x00004a7c                HFXO0_IRQHandler
                0x00004a7c                I2C1_IRQHandler
                0x00004a7c                PDM_IRQHandler
                0x00004a7c                WDOG0_IRQHandler
                0x00004a7c                TIMER3_IRQHandler
                0x00004a7c                SYSCFG_IRQHandler
                0x00004a7c                EMUSE_IRQHandler
                0x00004a7c                EMUDG_IRQHandler
                0x00004a7c                MSC_IRQHandler
                0x00004a7c                DPLL0_IRQHandler
                0x00004a7c                UsageFault_Handler
                0x00004a7c                M33CTI1_IRQHandler
                0x00004a7c                TIMER4_IRQHandler
                0x00004a7c                GPIO_EVEN_IRQHandler
                0x00004a7c                SW0_IRQHandler
                0x00004a7c                TIMER0_IRQHandler
                0x00004a7c                LETIMER0_IRQHandler
                0x00004a7c                TIMER1_IRQHandler
                0x00004a7c                HFRCO0_IRQHandler
                0x00004a7c                RFSENSE_IRQHandler
                0x00004a7c                SecureFault_Handler
                0x00004a7c                BUFC_IRQHandler
                0x00004a7c                DCDC_IRQHandler
                0x00004a7c                MODEM_IRQHandler
                0x00004a7c                Default_Handler
                0x00004a7c                RAC_SEQ_IRQHandler
                0x00004a7c                FRC_PRI_IRQHandler
                0x00004a7c                EMU_IRQHandler
                0x00004a7c                SW3_IRQHandler
                0x00004a7c                KERNEL0_IRQHandler
                0x00004a7c                FRC_IRQHandler
                0x00004a7c                KERNEL1_IRQHandler
                0x00004a7c                AGC_IRQHandler
                0x00004a7c                sl_app_properties
                0x00004a7c                BURTC_IRQHandler
                0x00004a7c                LFRCO_IRQHandler
                0x00004a7c                USART0_RX_IRQHandler
                0x00004a7c                MemManage_Handler
                0x00004a7c                RDMAILBOX_IRQHandler
                0x00004a7c                SVC_Handler
                0x00004a7c                RTCC_IRQHandler
                0x00004a7c                SMU_S_PRIVILEGED_IRQHandler
                0x00004a7c                SW1_IRQHandler
                0x00004a7c                CMU_IRQHandler
                0x00004a7c                RAC_RSM_IRQHandler
                0x00004a7c                EUART0_TX_IRQHandler
                0x00004a7c                EUART0_RX_IRQHandler
                0x00004a7c                GPIO_ODD_IRQHandler
                0x00004a7c                AES_IRQHandler
                0x00004a7c                M33CTI0_IRQHandler
                0x00004a7c                ICACHE0_IRQHandler
                0x00004a7c                SMU_NS_PRIVILEGED_IRQHandler
                0x00004a7c                PROTIMER_IRQHandler
                0x00004a7c                BusFault_Handler
                0x00004a7c                TRNG_IRQHandler
 .text.FlashToRamCopy
                0x00004a7e       0x16 ./gecko_sdk_4.4.1/platform/Device/SiliconLabs/EFR32MG22/Source/system_efr32mg22.o
                0x00004a7e                FlashToRamCopy
 .text.SystemCLKIN0Get
                0x00004a94        0x4 ./gecko_sdk_4.4.1/platform/Device/SiliconLabs/EFR32MG22/Source/system_efr32mg22.o
                0x00004a94                SystemCLKIN0Get
 .text.SystemLFRCOClockGet
                0x00004a98        0x6 ./gecko_sdk_4.4.1/platform/Device/SiliconLabs/EFR32MG22/Source/system_efr32mg22.o
                0x00004a98                SystemLFRCOClockGet
 .text.SystemULFRCOClockGet
                0x00004a9e        0x6 ./gecko_sdk_4.4.1/platform/Device/SiliconLabs/EFR32MG22/Source/system_efr32mg22.o
                0x00004a9e                SystemULFRCOClockGet
 .text.assertEFM
                0x00004aa4        0x2 ./gecko_sdk_4.4.1/platform/common/src/sl_assert.o
                0x00004aa4                assertEFM
 .text._exit    0x00004aa6        0x2 ./gecko_sdk_4.4.1/platform/common/src/sl_syscalls.o
                0x00004aa6                _exit
 .text.sl_debug_swo_enable_itm
                0x00004aa8       0x16 ./gecko_sdk_4.4.1/platform/driver/debug/src/sl_debug_swo.o
                0x00004aa8                sl_debug_swo_enable_itm
 .text.sl_debug_swo_disable_itm
                0x00004abe       0x18 ./gecko_sdk_4.4.1/platform/driver/debug/src/sl_debug_swo.o
                0x00004abe                sl_debug_swo_disable_itm
 .text.DMADRV_PeripheralMemory
                0x00004ad6       0x34 ./gecko_sdk_4.4.1/platform/emdrv/dmadrv/src/dmadrv.o
                0x00004ad6                DMADRV_PeripheralMemory
 .text.waitStateMax
                0x00004b0a       0x10 ./gecko_sdk_4.4.1/platform/emlib/src/em_cmu.o
 .text.CMU_UpdateWaitStates
                0x00004b1a        0xc ./gecko_sdk_4.4.1/platform/emlib/src/em_cmu.o
                0x00004b1a                CMU_UpdateWaitStates
 .text.pclkDivMax
                0x00004b26        0xa ./gecko_sdk_4.4.1/platform/emlib/src/em_cmu.o
 .text.sli_em_cmu_SYSCLKInitPostClockSelect
                0x00004b30       0x2a ./gecko_sdk_4.4.1/platform/emlib/src/em_cmu.o
                0x00004b30                sli_em_cmu_SYSCLKInitPostClockSelect
 .text.CORE_EnterCritical
                0x00004b5a        0x8 ./gecko_sdk_4.4.1/platform/emlib/src/em_core.o
                0x00004b5a                CORE_EnterCritical
 .text.CORE_ExitCritical
                0x00004b62        0x6 ./gecko_sdk_4.4.1/platform/emlib/src/em_core.o
                0x00004b62                CORE_ExitCritical
 .text.CORE_EnterAtomic
                0x00004b68        0xc ./gecko_sdk_4.4.1/platform/emlib/src/em_core.o
                0x00004b68                CORE_EnterAtomic
 .text.CORE_ExitAtomic
                0x00004b74        0x6 ./gecko_sdk_4.4.1/platform/emlib/src/em_core.o
                0x00004b74                CORE_ExitAtomic
 .text.EMU_EFPEM01VScale
                0x00004b7a        0x2 ./gecko_sdk_4.4.1/platform/emlib/src/em_emu.o
                0x00004b7a                EMU_EFPEM01VScale
 .text.EMU_DCDCUpdatedHook
                0x00004b7c        0x2 ./gecko_sdk_4.4.1/platform/emlib/src/em_emu.o
                0x00004b7c                EMU_DCDCUpdatedHook
 .text.BUS_RegMaskedWrite
                0x00004b7e       0x1e ./gecko_sdk_4.4.1/platform/emlib/src/em_gpio.o
 .text.GPIO_DbgLocationSet
                0x00004b9c        0x2 ./gecko_sdk_4.4.1/platform/emlib/src/em_gpio.o
                0x00004b9c                GPIO_DbgLocationSet
 .text.USART_SpiTransfer
                0x00004b9e       0x14 ./gecko_sdk_4.4.1/platform/emlib/src/em_usart.o
                0x00004b9e                USART_SpiTransfer
 .text.USART_Tx
                0x00004bb2        0xa ./gecko_sdk_4.4.1/platform/emlib/src/em_usart.o
                0x00004bb2                USART_Tx
 .text.sl_iostream_write
                0x00004bbc       0x22 ./gecko_sdk_4.4.1/platform/service/iostream/src/sl_iostream.o
                0x00004bbc                sl_iostream_write
 .text.sl_iostream_putchar
                0x00004bde       0x16 ./gecko_sdk_4.4.1/platform/service/iostream/src/sl_iostream.o
                0x00004bde                sl_iostream_putchar
 .text.set_auto_cr_lf
                0x00004bf4        0x6 ./gecko_sdk_4.4.1/platform/service/iostream/src/sl_iostream_uart.o
 .text.get_auto_cr_lf
                0x00004bfa        0x6 ./gecko_sdk_4.4.1/platform/service/iostream/src/sl_iostream_uart.o
 .text.usart_set_next_byte_detect
                0x00004c00        0xc ./gecko_sdk_4.4.1/platform/service/iostream/src/sl_iostream_usart.o
 .text.usart_deinit
                0x00004c0c       0x78 ./gecko_sdk_4.4.1/platform/service/iostream/src/sl_iostream_usart.o
 .text.usart_tx
                0x00004c84        0xc ./gecko_sdk_4.4.1/platform/service/iostream/src/sl_iostream_usart.o
 .text.sl_iostream_usart_irq_handler
                0x00004c90       0x70 ./gecko_sdk_4.4.1/platform/service/iostream/src/sl_iostream_usart.o
                0x00004c90                sl_iostream_usart_irq_handler
 .text.sl_system_init
                0x00004d00       0x1a ./gecko_sdk_4.4.1/platform/service/system/src/sl_system_init.o
                0x00004d00                sl_system_init
 .text.sl_system_process_action
                0x00004d1a       0x16 ./gecko_sdk_4.4.1/platform/service/system/src/sl_system_process_action.o
                0x00004d1a                sl_system_process_action
 .text._out_null
                0x00004d30        0x2 ./gecko_sdk_4.4.1/util/third_party/printf/printf.o
 .text._out_rev
                0x00004d32       0x88 ./gecko_sdk_4.4.1/util/third_party/printf/printf.o
 .text._ntoa_format
                0x00004dba      0x138 ./gecko_sdk_4.4.1/util/third_party/printf/printf.o
 .text._ntoa_long
                0x00004ef2       0x86 ./gecko_sdk_4.4.1/util/third_party/printf/printf.o
 .text._ntoa_long_long
                0x00004f78       0x9e ./gecko_sdk_4.4.1/util/third_party/printf/printf.o
 .text._out_char
                0x00005016        0x8 ./gecko_sdk_4.4.1/util/third_party/printf/printf.o
 .text._putchar
                0x0000501e        0x8 ./gecko_sdk_4.4.1/util/third_party/printf/src/iostream_printf.o
                0x0000501e                _putchar
 .text.memset   0x00005026       0x10 c:/siliconlabs/simplicitystudio/v5/developer/toolchains/gnu_arm/12.2.rel1_2023.7/bin/../lib/gcc/arm-none-eabi/12.2.1/thumb/v8-m.main+fp/hard\libc_nano.a(libc_a-memset.o)
                0x00005026                memset
 .text.memcpy   0x00005036       0x1a c:/siliconlabs/simplicitystudio/v5/developer/toolchains/gnu_arm/12.2.rel1_2023.7/bin/../lib/gcc/arm-none-eabi/12.2.1/thumb/v8-m.main+fp/hard\libc_nano.a(libc_a-memcpy-stub.o)
                0x00005036                memcpy
                0x00005060                . = ALIGN (0x20)
 *fill*         0x00005050       0x10 
                0x00005060                linker_code_end = .
 *(.init)
 .init          0x00005060        0x4 c:/siliconlabs/simplicitystudio/v5/developer/toolchains/gnu_arm/12.2.rel1_2023.7/bin/../lib/gcc/arm-none-eabi/12.2.1/thumb/v8-m.main+fp/hard/crti.o
                0x00005060                _init
 .init          0x00005064        0x8 c:/siliconlabs/simplicitystudio/v5/developer/toolchains/gnu_arm/12.2.rel1_2023.7/bin/../lib/gcc/arm-none-eabi/12.2.1/thumb/v8-m.main+fp/hard/crtn.o
 *(.fini)
 .fini          0x0000506c        0x4 c:/siliconlabs/simplicitystudio/v5/developer/toolchains/gnu_arm/12.2.rel1_2023.7/bin/../lib/gcc/arm-none-eabi/12.2.1/thumb/v8-m.main+fp/hard/crti.o
                0x0000506c                _fini
 .fini          0x00005070        0x8 c:/siliconlabs/simplicitystudio/v5/developer/toolchains/gnu_arm/12.2.rel1_2023.7/bin/../lib/gcc/arm-none-eabi/12.2.1/thumb/v8-m.main+fp/hard/crtn.o
 *crtbegin.o(.ctors)
 *crtbegin?.o(.ctors)
 *(EXCLUDE_FILE(*crtend.o *crtend?.o) .ctors)
 *(SORT_BY_NAME(.ctors.*))
 *(.ctors)
 *crtbegin.o(.dtors)
 *crtbegin?.o(.dtors)
 *(EXCLUDE_FILE(*crtend.o *crtend?.o) .dtors)
 *(SORT_BY_NAME(.dtors.*))
 *(.dtors)
                0x00005078                __code_classification_validator_start__ = .
                0x00005098                . = (. + 0x20)
 *fill*         0x00005078       0x20 
 *(code_classification_validator)
                0x000050a0                . = ALIGN (0x20)
 *fill*         0x00005098        0x8 
                0x000050a0                __code_classification_validator_end__ = .
 *(.rodata*)
 .rodata.app_init.str1.1
                0x000050a0       0x15 ./app.o
 *fill*         0x000050b5        0x3 
 .rodata        0x000050b8       0x10 ./lm_75.o
 .rodata.sl_iostream_usart_init_vcom.str1.1
                0x000050c8       0x2e ./autogen/sl_iostream_init_usart_instances.o
 *fill*         0x000050f6        0x2 
 .rodata        0x000050f8       0x1c ./autogen/sl_iostream_init_usart_instances.o
 .rodata        0x00005114       0x1c ./gecko_sdk_4.4.1/hardware/driver/mx25_flash_shutdown/src/sl_mx25_flash_shutdown_usart/sl_mx25_flash_shutdown.o
 .rodata        0x00005130        0x4 ./gecko_sdk_4.4.1/platform/emdrv/dmadrv/src/dmadrv.o
 .rodata.HFRCODPLLDevinfoGet.str1.1
                0x00005134       0x2f ./gecko_sdk_4.4.1/platform/emlib/src/em_cmu.o
 .rodata.EMU_VScaleEM01.str1.1
                0x00005163       0x2f ./gecko_sdk_4.4.1/platform/emlib/src/em_emu.o
 .rodata.GPIO_PinOutSet.str1.1
                0x00005192       0x66 ./gecko_sdk_4.4.1/platform/emlib/src/em_gpio.o
 .rodata.GPIO_ExtIntConfig.str1.1
                0x000051f8       0x30 ./gecko_sdk_4.4.1/platform/emlib/src/em_gpio.o
 .rodata.CSWTCH.31
                0x00005228        0x8 ./gecko_sdk_4.4.1/platform/emlib/src/em_gpio.o
 .rodata.I2C_BusFreqGet.str1.1
                0x00005230       0x2f ./gecko_sdk_4.4.1/platform/emlib/src/em_i2c.o
 .rodata.i2cNSum
                0x0000525f        0x4 ./gecko_sdk_4.4.1/platform/emlib/src/em_i2c.o
 .rodata.LDMA_EnableChannelRequest.str1.1
                0x00005263       0x95 ./gecko_sdk_4.4.1/platform/emlib/src/em_ldma.o
 .rodata.USART_BaudrateAsyncSet.str1.1
                0x000052f8       0x31 ./gecko_sdk_4.4.1/platform/emlib/src/em_usart.o
 .rodata        0x00005329        0x8 ./gecko_sdk_4.4.1/platform/service/device_init/src/sl_device_init_dcdc_s2.o
 *fill*         0x00005331        0x3 
 .rodata        0x00005334       0x28 ./gecko_sdk_4.4.1/platform/service/device_init/src/sl_device_init_hfxo_s2.o
 .rodata        0x0000535c       0x14 ./gecko_sdk_4.4.1/platform/service/device_init/src/sl_device_init_lfxo_s2.o
 .rodata.get_write_ptr.str1.1
                0x00005370       0x44 ./gecko_sdk_4.4.1/platform/service/iostream/src/sl_iostream_uart.o
 .rodata.sl_udelay_wait.str1.1
                0x000053b4       0x3b ./gecko_sdk_4.4.1/platform/service/udelay/src/sl_udelay.o
 .rodata._ftoa.str1.1
                0x000053ef       0x12 ./gecko_sdk_4.4.1/util/third_party/printf/printf.o
 *fill*         0x00005401        0x7 
 .rodata.pow10.0
                0x00005408       0x50 ./gecko_sdk_4.4.1/util/third_party/printf/printf.o
 *(.eh_frame*)
 .eh_frame      0x00005458        0x0 c:/siliconlabs/simplicitystudio/v5/developer/toolchains/gnu_arm/12.2.rel1_2023.7/bin/../lib/gcc/arm-none-eabi/12.2.1/thumb/v8-m.main+fp/hard/crtbegin.o

.glue_7         0x00005458        0x0
 .glue_7        0x00005458        0x0 linker stubs

.glue_7t        0x00005458        0x0
 .glue_7t       0x00005458        0x0 linker stubs

.vfp11_veneer   0x00005458        0x0
 .vfp11_veneer  0x00005458        0x0 linker stubs

.v4_bx          0x00005458        0x0
 .v4_bx         0x00005458        0x0 linker stubs

.iplt           0x00005458        0x0
 .iplt          0x00005458        0x0 c:/siliconlabs/simplicitystudio/v5/developer/toolchains/gnu_arm/12.2.rel1_2023.7/bin/../lib/gcc/arm-none-eabi/12.2.1/thumb/v8-m.main+fp/hard/crtbegin.o

.ARM.extab
 *(.ARM.extab* .gnu.linkonce.armextab.*)
                0x00005458                __exidx_start = .

.ARM.exidx      0x00005458        0x8
 *(.ARM.exidx* .gnu.linkonce.armexidx.*)
 .ARM.exidx     0x00005458        0x8 c:/siliconlabs/simplicitystudio/v5/developer/toolchains/gnu_arm/12.2.rel1_2023.7/bin/../lib/gcc/arm-none-eabi/12.2.1/thumb/v8-m.main+fp/hard/crt0.o
                                 0x10 (size before relaxing)
 .ARM.exidx.text.__udivmoddi4
                0x00005460        0x0 c:/siliconlabs/simplicitystudio/v5/developer/toolchains/gnu_arm/12.2.rel1_2023.7/bin/../lib/gcc/arm-none-eabi/12.2.1/thumb/v8-m.main+fp/hard\libgcc.a(_udivmoddi4.o)
                                  0x8 (size before relaxing)
                0x00005460                __exidx_end = .

.rel.dyn        0x00005460        0x0
 .rel.iplt      0x00005460        0x0 c:/siliconlabs/simplicitystudio/v5/developer/toolchains/gnu_arm/12.2.rel1_2023.7/bin/../lib/gcc/arm-none-eabi/12.2.1/thumb/v8-m.main+fp/hard/crtbegin.o

.copy.table     0x00005460        0xc
                0x00005460                . = ALIGN (0x4)
                0x00005460                __copy_table_start__ = .
                0x00005460        0x4 LONG 0x546c __etext
                0x00005464        0x4 LONG 0x20001000 __data_start__
                0x00005468        0x4 LONG 0x7 ((__data_end__ - __data_start__) / 0x4)
                0x0000546c                __copy_table_end__ = .

.zero.table     0x0000546c        0x0
                0x0000546c                . = ALIGN (0x4)
                0x0000546c                __zero_table_start__ = .
                0x0000546c                __zero_table_end__ = .
                0x0000546c                __etext = .
                0x20000000                . = ORIGIN (RAM)

.stack          0x20000000     0x1000
                0x20000000                __StackLimit = .
 *(.stack*)
 .stack         0x20000000     0x1000 ./gecko_sdk_4.4.1/platform/common/toolchain/src/sl_memory.o
                0x20001000                . = ALIGN (0x4)
                0x20001000                __StackTop = .
                0x20001000                PROVIDE (__stack = __StackTop)

.noinit
 *(.noinit*)

.data           0x20001000       0x1c load address 0x0000546c
                0x20001000                . = ALIGN (0x4)
                0x20001000                __data_start__ = .
 *(vtable)
 *(SORT_BY_ALIGNMENT(.data*))
 .data.SystemCoreClock
                0x20001000        0x4 ./gecko_sdk_4.4.1/platform/Device/SiliconLabs/EFR32MG22/Source/system_efr32mg22.o
                0x20001000                SystemCoreClock
 .data.SystemHFRCODPLLClock
                0x20001004        0x4 ./gecko_sdk_4.4.1/platform/Device/SiliconLabs/EFR32MG22/Source/system_efr32mg22.o
 .data.SystemLFXOClock
                0x20001008        0x4 ./gecko_sdk_4.4.1/platform/Device/SiliconLabs/EFR32MG22/Source/system_efr32mg22.o
 .data.SystemHFXOClock
                0x2000100c        0x4 ./gecko_sdk_4.4.1/platform/Device/SiliconLabs/EFR32MG22/Source/system_efr32mg22.o
 .data.hfxo_precision
                0x20001010        0x2 ./gecko_sdk_4.4.1/platform/emlib/src/em_cmu.o
 .data.lfxo_precision
                0x20001012        0x2 ./gecko_sdk_4.4.1/platform/emlib/src/em_cmu.o
                0x20001014                . = ALIGN (0x4)
                [!provide]                PROVIDE (__ram_func_section_start = .)
 *(.ram)
                [!provide]                PROVIDE (__ram_func_section_end = .)
                0x20001014                . = ALIGN (0x4)
                0x20001014                PROVIDE (__preinit_array_start = .)
 *(.preinit_array)
                0x20001014                PROVIDE (__preinit_array_end = .)
                0x20001014                . = ALIGN (0x4)
                0x20001014                PROVIDE (__init_array_start = .)
 *(SORT_BY_NAME(.init_array.*))
 *(.init_array)
 .init_array    0x20001014        0x4 c:/siliconlabs/simplicitystudio/v5/developer/toolchains/gnu_arm/12.2.rel1_2023.7/bin/../lib/gcc/arm-none-eabi/12.2.1/thumb/v8-m.main+fp/hard/crtbegin.o
                0x20001018                PROVIDE (__init_array_end = .)
                0x20001018                . = ALIGN (0x4)
                [!provide]                PROVIDE (__fini_array_start = .)
 *(SORT_BY_NAME(.fini_array.*))
 *(.fini_array)
 .fini_array    0x20001018        0x4 c:/siliconlabs/simplicitystudio/v5/developer/toolchains/gnu_arm/12.2.rel1_2023.7/bin/../lib/gcc/arm-none-eabi/12.2.1/thumb/v8-m.main+fp/hard/crtbegin.o
                [!provide]                PROVIDE (__fini_array_end = .)
                0x2000101c                . = ALIGN (0x4)
                0x2000101c                __data_end__ = .

.tm_clone_table
                0x2000101c        0x0 load address 0x00005488
 .tm_clone_table
                0x2000101c        0x0 c:/siliconlabs/simplicitystudio/v5/developer/toolchains/gnu_arm/12.2.rel1_2023.7/bin/../lib/gcc/arm-none-eabi/12.2.1/thumb/v8-m.main+fp/hard/crtbegin.o
 .tm_clone_table
                0x2000101c        0x0 c:/siliconlabs/simplicitystudio/v5/developer/toolchains/gnu_arm/12.2.rel1_2023.7/bin/../lib/gcc/arm-none-eabi/12.2.1/thumb/v8-m.main+fp/hard/crtend.o

.igot.plt       0x2000101c        0x0 load address 0x00005488
 .igot.plt      0x2000101c        0x0 c:/siliconlabs/simplicitystudio/v5/developer/toolchains/gnu_arm/12.2.rel1_2023.7/bin/../lib/gcc/arm-none-eabi/12.2.1/thumb/v8-m.main+fp/hard/crtbegin.o

.bss            0x2000101c      0x248 load address 0x00005488
                0x2000101c                . = ALIGN (0x4)
                0x2000101c                __bss_start__ = .
 *(SORT_BY_ALIGNMENT(.bss*))
 .bss.object.0  0x2000101c       0x18 c:/siliconlabs/simplicitystudio/v5/developer/toolchains/gnu_arm/12.2.rel1_2023.7/bin/../lib/gcc/arm-none-eabi/12.2.1/thumb/v8-m.main+fp/hard/crtbegin.o
 .bss.context_vcom
                0x20001034       0x4c ./autogen/sl_iostream_init_usart_instances.o
 .bss.sl_iostream_vcom
                0x20001080       0x18 ./autogen/sl_iostream_init_usart_instances.o
 .bss.dmaXfer   0x20001098      0x100 ./gecko_sdk_4.4.1/platform/emdrv/dmadrv/src/dmadrv.o
 .bss.chTable   0x20001198       0x80 ./gecko_sdk_4.4.1/platform/emdrv/dmadrv/src/dmadrv.o
 .bss.i2cTransfer
                0x20001218       0x18 ./gecko_sdk_4.4.1/platform/emlib/src/em_i2c.o
 .bss.sli_iostream_default
                0x20001230        0x4 ./gecko_sdk_4.4.1/platform/service/iostream/src/sl_iostream.o
 .bss.__stdio_exit_handler
                0x20001234        0x4 c:/siliconlabs/simplicitystudio/v5/developer/toolchains/gnu_arm/12.2.rel1_2023.7/bin/../lib/gcc/arm-none-eabi/12.2.1/thumb/v8-m.main+fp/hard\libc_nano.a(libc_a-findfp.o)
                0x20001234                __stdio_exit_handler
 .bss.completed.1
                0x20001238        0x1 c:/siliconlabs/simplicitystudio/v5/developer/toolchains/gnu_arm/12.2.rel1_2023.7/bin/../lib/gcc/arm-none-eabi/12.2.1/thumb/v8-m.main+fp/hard/crtbegin.o
 .bss.i2c_rxBuffer
                0x20001239        0x3 ./lm_75.o
 .bss.i2c_txBuffer
                0x2000123c        0x3 ./lm_75.o
 .bss.i2c_startTx
                0x2000123f        0x1 ./lm_75.o
                0x2000123f                i2c_startTx
 .bss.rx_buffer_vcom
                0x20001240       0x20 ./autogen/sl_iostream_init_usart_instances.o
 .bss.initialized
                0x20001260        0x1 ./gecko_sdk_4.4.1/platform/emdrv/dmadrv/src/dmadrv.o
 .bss.ctuneDelta
                0x20001261        0x1 ./gecko_sdk_4.4.1/platform/emlib/src/em_cmu.o
 .bss.vScaleEM01Config
                0x20001262        0x1 ./gecko_sdk_4.4.1/platform/emlib/src/em_emu.o
 *(COMMON)
                0x20001264                . = ALIGN (0x4)
 *fill*         0x20001263        0x1 
                0x20001264                __bss_end__ = .
                0x20001264                __ramfuncs_start__ = .
                0x20001264                __vma_ramfuncs_start__ = .
                0x00005488                __lma_ramfuncs_start__ = (__etext + SIZEOF (.data))
                0x00000000                __text_application_ram_offset__ = (. - __vma_ramfuncs_start__)

text_application_ram
                0x20001264        0x0 load address 0x00005488
                0x20001264                . = ALIGN (0x4)
                0x20001264                __text_application_ram_start__ = .
 *(text_application_ram)
                0x20001264                . = ALIGN (0x4)
                0x20001264                __text_application_ram_end__ = .
                0x20001264                . = ALIGN (0x4)
                0x20001264                __vma_ramfuncs_end__ = .
                0x00005488                __lma_ramfuncs_end__ = ((__lma_ramfuncs_start__ + __text_application_ram_offset__) + SIZEOF (text_application_ram))
                0x20001264                __ramfuncs_end__ = .

.heap           0x20001268      0x800
                0x20001268                __HeapBase = .
                0x20001268                __end__ = .
                0x20001268                end = __end__
                0x20001268                _end = __end__
 *(.heap*)
 .heap          0x20001268      0x800 ./gecko_sdk_4.4.1/platform/common/toolchain/src/sl_memory.o
                0x20008000                __HeapLimit = (ORIGIN (RAM) + LENGTH (RAM))
                0x00006d98                __heap_size = (__HeapLimit - __HeapBase)
                0x20008000                __ram_end__ = 0x20008000
                0x0007e000                __main_flash_end__ = 0x7e000

.internal_storage
 *(.internal_storage*)

.nvm
 *(.simee*)
                0x0007e000                linker_nvm_end = __main_flash_end__
                0x0007e000                linker_nvm_begin = (linker_nvm_end - SIZEOF (.nvm))
                0x00000000                linker_nvm_size = SIZEOF (.nvm)
                0x0007e000                linker_storage_end = linker_nvm_begin
                0x0007e000                __nvm3Base = linker_nvm_begin
                0x0007e000                linker_storage_begin = (linker_storage_end - SIZEOF (.internal_storage))
                0x00000000                linker_storage_size = SIZEOF (.internal_storage)
                0x00000001                ASSERT ((linker_storage_begin >= (__etext + SIZEOF (.data))), FLASH memory overflowed !)
OUTPUT(LM72_driver.axf elf32-littlearm)
LOAD linker stubs

.ARM.attributes
                0x00000000       0x36
 .ARM.attributes
                0x00000000       0x26 c:/siliconlabs/simplicitystudio/v5/developer/toolchains/gnu_arm/12.2.rel1_2023.7/bin/../lib/gcc/arm-none-eabi/12.2.1/thumb/v8-m.main+fp/hard/crti.o
 .ARM.attributes
                0x00000026       0x38 c:/siliconlabs/simplicitystudio/v5/developer/toolchains/gnu_arm/12.2.rel1_2023.7/bin/../lib/gcc/arm-none-eabi/12.2.1/thumb/v8-m.main+fp/hard/crtbegin.o
 .ARM.attributes
                0x0000005e       0x24 c:/siliconlabs/simplicitystudio/v5/developer/toolchains/gnu_arm/12.2.rel1_2023.7/bin/../lib/gcc/arm-none-eabi/12.2.1/thumb/v8-m.main+fp/hard/crt0.o
 .ARM.attributes
                0x00000082       0x3a ./app.o
 .ARM.attributes
                0x000000bc       0x3a ./lm_75.o
 .ARM.attributes
                0x000000f6       0x3a ./main.o
 .ARM.attributes
                0x00000130       0x3a ./autogen/sl_board_default_init.o
 .ARM.attributes
                0x0000016a       0x3a ./autogen/sl_device_init_clocks.o
 .ARM.attributes
                0x000001a4       0x3a ./autogen/sl_event_handler.o
 .ARM.attributes
                0x000001de       0x3a ./autogen/sl_iostream_init_usart_instances.o
 .ARM.attributes
                0x00000218       0x3a ./gecko_sdk_4.4.1/hardware/board/src/sl_board_control_gpio.o
 .ARM.attributes
                0x00000252       0x3a ./gecko_sdk_4.4.1/hardware/board/src/sl_board_init.o
 .ARM.attributes
                0x0000028c       0x3a ./gecko_sdk_4.4.1/hardware/driver/configuration_over_swo/src/sl_cos.o
 .ARM.attributes
                0x000002c6       0x3a ./gecko_sdk_4.4.1/hardware/driver/mx25_flash_shutdown/src/sl_mx25_flash_shutdown_usart/sl_mx25_flash_shutdown.o
 .ARM.attributes
                0x00000300       0x3a ./gecko_sdk_4.4.1/platform/Device/SiliconLabs/EFR32MG22/Source/startup_efr32mg22.o
 .ARM.attributes
                0x0000033a       0x3a ./gecko_sdk_4.4.1/platform/Device/SiliconLabs/EFR32MG22/Source/system_efr32mg22.o
 .ARM.attributes
                0x00000374       0x3a ./gecko_sdk_4.4.1/platform/common/src/sl_assert.o
 .ARM.attributes
                0x000003ae       0x3a ./gecko_sdk_4.4.1/platform/common/src/sl_syscalls.o
 .ARM.attributes
                0x000003e8       0x3a ./gecko_sdk_4.4.1/platform/common/toolchain/src/sl_memory.o
 .ARM.attributes
                0x00000422       0x3a ./gecko_sdk_4.4.1/platform/driver/debug/src/sl_debug_swo.o
 .ARM.attributes
                0x0000045c       0x3a ./gecko_sdk_4.4.1/platform/emdrv/dmadrv/src/dmadrv.o
 .ARM.attributes
                0x00000496       0x3a ./gecko_sdk_4.4.1/platform/emlib/src/em_cmu.o
 .ARM.attributes
                0x000004d0       0x3a ./gecko_sdk_4.4.1/platform/emlib/src/em_core.o
 .ARM.attributes
                0x0000050a       0x3a ./gecko_sdk_4.4.1/platform/emlib/src/em_emu.o
 .ARM.attributes
                0x00000544       0x3a ./gecko_sdk_4.4.1/platform/emlib/src/em_gpio.o
 .ARM.attributes
                0x0000057e       0x3a ./gecko_sdk_4.4.1/platform/emlib/src/em_i2c.o
 .ARM.attributes
                0x000005b8       0x3a ./gecko_sdk_4.4.1/platform/emlib/src/em_ldma.o
 .ARM.attributes
                0x000005f2       0x3a ./gecko_sdk_4.4.1/platform/emlib/src/em_system.o
 .ARM.attributes
                0x0000062c       0x3a ./gecko_sdk_4.4.1/platform/emlib/src/em_usart.o
 .ARM.attributes
                0x00000666       0x3a ./gecko_sdk_4.4.1/platform/service/device_init/src/sl_device_init_dcdc_s2.o
 .ARM.attributes
                0x000006a0       0x3a ./gecko_sdk_4.4.1/platform/service/device_init/src/sl_device_init_emu_s2.o
 .ARM.attributes
                0x000006da       0x3a ./gecko_sdk_4.4.1/platform/service/device_init/src/sl_device_init_hfxo_s2.o
 .ARM.attributes
                0x00000714       0x3a ./gecko_sdk_4.4.1/platform/service/device_init/src/sl_device_init_lfxo_s2.o
 .ARM.attributes
                0x0000074e       0x3a ./gecko_sdk_4.4.1/platform/service/device_init/src/sl_device_init_nvic.o
 .ARM.attributes
                0x00000788       0x3a ./gecko_sdk_4.4.1/platform/service/iostream/src/sl_iostream.o
 .ARM.attributes
                0x000007c2       0x3a ./gecko_sdk_4.4.1/platform/service/iostream/src/sl_iostream_uart.o
 .ARM.attributes
                0x000007fc       0x3a ./gecko_sdk_4.4.1/platform/service/iostream/src/sl_iostream_usart.o
 .ARM.attributes
                0x00000836       0x3a ./gecko_sdk_4.4.1/platform/service/system/src/sl_system_init.o
 .ARM.attributes
                0x00000870       0x3a ./gecko_sdk_4.4.1/platform/service/system/src/sl_system_process_action.o
 .ARM.attributes
                0x000008aa       0x3a ./gecko_sdk_4.4.1/platform/service/udelay/src/sl_udelay.o
 .ARM.attributes
                0x000008e4       0x26 ./gecko_sdk_4.4.1/platform/service/udelay/src/sl_udelay_armv6m_gcc.o
 .ARM.attributes
                0x0000090a       0x3a ./gecko_sdk_4.4.1/util/third_party/printf/printf.o
 .ARM.attributes
                0x00000944       0x3a ./gecko_sdk_4.4.1/util/third_party/printf/src/iostream_printf.o
 .ARM.attributes
                0x0000097e       0x26 c:/siliconlabs/simplicitystudio/v5/developer/toolchains/gnu_arm/12.2.rel1_2023.7/bin/../lib/gcc/arm-none-eabi/12.2.1/thumb/v8-m.main+fp/hard\libgcc.a(_arm_addsubdf3.o)
 .ARM.attributes
                0x000009a4       0x26 c:/siliconlabs/simplicitystudio/v5/developer/toolchains/gnu_arm/12.2.rel1_2023.7/bin/../lib/gcc/arm-none-eabi/12.2.1/thumb/v8-m.main+fp/hard\libgcc.a(_arm_muldivdf3.o)
 .ARM.attributes
                0x000009ca       0x26 c:/siliconlabs/simplicitystudio/v5/developer/toolchains/gnu_arm/12.2.rel1_2023.7/bin/../lib/gcc/arm-none-eabi/12.2.1/thumb/v8-m.main+fp/hard\libgcc.a(_arm_cmpdf2.o)
 .ARM.attributes
                0x000009f0       0x26 c:/siliconlabs/simplicitystudio/v5/developer/toolchains/gnu_arm/12.2.rel1_2023.7/bin/../lib/gcc/arm-none-eabi/12.2.1/thumb/v8-m.main+fp/hard\libgcc.a(_arm_fixdfsi.o)
 .ARM.attributes
                0x00000a16       0x26 c:/siliconlabs/simplicitystudio/v5/developer/toolchains/gnu_arm/12.2.rel1_2023.7/bin/../lib/gcc/arm-none-eabi/12.2.1/thumb/v8-m.main+fp/hard\libgcc.a(_arm_fixunsdfsi.o)
 .ARM.attributes
                0x00000a3c       0x26 c:/siliconlabs/simplicitystudio/v5/developer/toolchains/gnu_arm/12.2.rel1_2023.7/bin/../lib/gcc/arm-none-eabi/12.2.1/thumb/v8-m.main+fp/hard\libgcc.a(_arm_truncdfsf2.o)
 .ARM.attributes
                0x00000a62       0x26 c:/siliconlabs/simplicitystudio/v5/developer/toolchains/gnu_arm/12.2.rel1_2023.7/bin/../lib/gcc/arm-none-eabi/12.2.1/thumb/v8-m.main+fp/hard\libgcc.a(_aeabi_uldivmod.o)
 .ARM.attributes
                0x00000a88       0x38 c:/siliconlabs/simplicitystudio/v5/developer/toolchains/gnu_arm/12.2.rel1_2023.7/bin/../lib/gcc/arm-none-eabi/12.2.1/thumb/v8-m.main+fp/hard\libgcc.a(_udivmoddi4.o)
 .ARM.attributes
                0x00000ac0       0x26 c:/siliconlabs/simplicitystudio/v5/developer/toolchains/gnu_arm/12.2.rel1_2023.7/bin/../lib/gcc/arm-none-eabi/12.2.1/thumb/v8-m.main+fp/hard\libgcc.a(_dvmd_tls.o)
 .ARM.attributes
                0x00000ae6       0x38 c:/siliconlabs/simplicitystudio/v5/developer/toolchains/gnu_arm/12.2.rel1_2023.7/bin/../lib/gcc/arm-none-eabi/12.2.1/thumb/v8-m.main+fp/hard\libc_nano.a(libc_a-exit.o)
 .ARM.attributes
                0x00000b1e       0x38 c:/siliconlabs/simplicitystudio/v5/developer/toolchains/gnu_arm/12.2.rel1_2023.7/bin/../lib/gcc/arm-none-eabi/12.2.1/thumb/v8-m.main+fp/hard\libc_nano.a(libc_a-findfp.o)
 .ARM.attributes
                0x00000b56       0x38 c:/siliconlabs/simplicitystudio/v5/developer/toolchains/gnu_arm/12.2.rel1_2023.7/bin/../lib/gcc/arm-none-eabi/12.2.1/thumb/v8-m.main+fp/hard\libc_nano.a(libc_a-memset.o)
 .ARM.attributes
                0x00000b8e       0x38 c:/siliconlabs/simplicitystudio/v5/developer/toolchains/gnu_arm/12.2.rel1_2023.7/bin/../lib/gcc/arm-none-eabi/12.2.1/thumb/v8-m.main+fp/hard\libc_nano.a(libc_a-init.o)
 .ARM.attributes
                0x00000bc6       0x38 c:/siliconlabs/simplicitystudio/v5/developer/toolchains/gnu_arm/12.2.rel1_2023.7/bin/../lib/gcc/arm-none-eabi/12.2.1/thumb/v8-m.main+fp/hard\libc_nano.a(libc_a-memcpy-stub.o)
 .ARM.attributes
                0x00000bfe       0x38 c:/siliconlabs/simplicitystudio/v5/developer/toolchains/gnu_arm/12.2.rel1_2023.7/bin/../lib/gcc/arm-none-eabi/12.2.1/thumb/v8-m.main+fp/hard/crtend.o
 .ARM.attributes
                0x00000c36       0x26 c:/siliconlabs/simplicitystudio/v5/developer/toolchains/gnu_arm/12.2.rel1_2023.7/bin/../lib/gcc/arm-none-eabi/12.2.1/thumb/v8-m.main+fp/hard/crtn.o

.comment        0x00000000       0x45
 .comment       0x00000000       0x45 ./app.o
                                 0x46 (size before relaxing)
 .comment       0x00000045       0x46 ./lm_75.o
 .comment       0x00000045       0x46 ./main.o
 .comment       0x00000045       0x46 ./autogen/sl_board_default_init.o
 .comment       0x00000045       0x46 ./autogen/sl_device_init_clocks.o
 .comment       0x00000045       0x46 ./autogen/sl_event_handler.o
 .comment       0x00000045       0x46 ./autogen/sl_iostream_init_usart_instances.o
 .comment       0x00000045       0x46 ./gecko_sdk_4.4.1/hardware/board/src/sl_board_control_gpio.o
 .comment       0x00000045       0x46 ./gecko_sdk_4.4.1/hardware/board/src/sl_board_init.o
 .comment       0x00000045       0x46 ./gecko_sdk_4.4.1/hardware/driver/configuration_over_swo/src/sl_cos.o
 .comment       0x00000045       0x46 ./gecko_sdk_4.4.1/hardware/driver/mx25_flash_shutdown/src/sl_mx25_flash_shutdown_usart/sl_mx25_flash_shutdown.o
 .comment       0x00000045       0x46 ./gecko_sdk_4.4.1/platform/Device/SiliconLabs/EFR32MG22/Source/startup_efr32mg22.o
 .comment       0x00000045       0x46 ./gecko_sdk_4.4.1/platform/Device/SiliconLabs/EFR32MG22/Source/system_efr32mg22.o
 .comment       0x00000045       0x46 ./gecko_sdk_4.4.1/platform/common/src/sl_assert.o
 .comment       0x00000045       0x46 ./gecko_sdk_4.4.1/platform/common/src/sl_syscalls.o
 .comment       0x00000045       0x46 ./gecko_sdk_4.4.1/platform/common/toolchain/src/sl_memory.o
 .comment       0x00000045       0x46 ./gecko_sdk_4.4.1/platform/driver/debug/src/sl_debug_swo.o
 .comment       0x00000045       0x46 ./gecko_sdk_4.4.1/platform/emdrv/dmadrv/src/dmadrv.o
 .comment       0x00000045       0x46 ./gecko_sdk_4.4.1/platform/emlib/src/em_cmu.o
 .comment       0x00000045       0x46 ./gecko_sdk_4.4.1/platform/emlib/src/em_core.o
 .comment       0x00000045       0x46 ./gecko_sdk_4.4.1/platform/emlib/src/em_emu.o
 .comment       0x00000045       0x46 ./gecko_sdk_4.4.1/platform/emlib/src/em_gpio.o
 .comment       0x00000045       0x46 ./gecko_sdk_4.4.1/platform/emlib/src/em_i2c.o
 .comment       0x00000045       0x46 ./gecko_sdk_4.4.1/platform/emlib/src/em_ldma.o
 .comment       0x00000045       0x46 ./gecko_sdk_4.4.1/platform/emlib/src/em_system.o
 .comment       0x00000045       0x46 ./gecko_sdk_4.4.1/platform/emlib/src/em_usart.o
 .comment       0x00000045       0x46 ./gecko_sdk_4.4.1/platform/service/device_init/src/sl_device_init_dcdc_s2.o
 .comment       0x00000045       0x46 ./gecko_sdk_4.4.1/platform/service/device_init/src/sl_device_init_emu_s2.o
 .comment       0x00000045       0x46 ./gecko_sdk_4.4.1/platform/service/device_init/src/sl_device_init_hfxo_s2.o
 .comment       0x00000045       0x46 ./gecko_sdk_4.4.1/platform/service/device_init/src/sl_device_init_lfxo_s2.o
 .comment       0x00000045       0x46 ./gecko_sdk_4.4.1/platform/service/device_init/src/sl_device_init_nvic.o
 .comment       0x00000045       0x46 ./gecko_sdk_4.4.1/platform/service/iostream/src/sl_iostream.o
 .comment       0x00000045       0x46 ./gecko_sdk_4.4.1/platform/service/iostream/src/sl_iostream_uart.o
 .comment       0x00000045       0x46 ./gecko_sdk_4.4.1/platform/service/iostream/src/sl_iostream_usart.o
 .comment       0x00000045       0x46 ./gecko_sdk_4.4.1/platform/service/system/src/sl_system_init.o
 .comment       0x00000045       0x46 ./gecko_sdk_4.4.1/platform/service/system/src/sl_system_process_action.o
 .comment       0x00000045       0x46 ./gecko_sdk_4.4.1/platform/service/udelay/src/sl_udelay.o
 .comment       0x00000045       0x46 ./gecko_sdk_4.4.1/util/third_party/printf/printf.o
 .comment       0x00000045       0x46 ./gecko_sdk_4.4.1/util/third_party/printf/src/iostream_printf.o

.debug_line_str
                0x00000000      0x1cd
 .debug_line_str
                0x00000000       0xe7 c:/siliconlabs/simplicitystudio/v5/developer/toolchains/gnu_arm/12.2.rel1_2023.7/bin/../lib/gcc/arm-none-eabi/12.2.1/thumb/v8-m.main+fp/hard/crt0.o
 .debug_line_str
                0x000000e7       0xd2 c:/siliconlabs/simplicitystudio/v5/developer/toolchains/gnu_arm/12.2.rel1_2023.7/bin/../lib/gcc/arm-none-eabi/12.2.1/thumb/v8-m.main+fp/hard\libgcc.a(_arm_addsubdf3.o)
 .debug_line_str
                0x000001b9       0xd2 c:/siliconlabs/simplicitystudio/v5/developer/toolchains/gnu_arm/12.2.rel1_2023.7/bin/../lib/gcc/arm-none-eabi/12.2.1/thumb/v8-m.main+fp/hard\libgcc.a(_arm_muldivdf3.o)
 .debug_line_str
                0x000001b9       0xd2 c:/siliconlabs/simplicitystudio/v5/developer/toolchains/gnu_arm/12.2.rel1_2023.7/bin/../lib/gcc/arm-none-eabi/12.2.1/thumb/v8-m.main+fp/hard\libgcc.a(_arm_cmpdf2.o)
 .debug_line_str
                0x000001b9       0xd2 c:/siliconlabs/simplicitystudio/v5/developer/toolchains/gnu_arm/12.2.rel1_2023.7/bin/../lib/gcc/arm-none-eabi/12.2.1/thumb/v8-m.main+fp/hard\libgcc.a(_arm_fixdfsi.o)
 .debug_line_str
                0x000001b9       0xd2 c:/siliconlabs/simplicitystudio/v5/developer/toolchains/gnu_arm/12.2.rel1_2023.7/bin/../lib/gcc/arm-none-eabi/12.2.1/thumb/v8-m.main+fp/hard\libgcc.a(_arm_fixunsdfsi.o)
 .debug_line_str
                0x000001b9       0xd2 c:/siliconlabs/simplicitystudio/v5/developer/toolchains/gnu_arm/12.2.rel1_2023.7/bin/../lib/gcc/arm-none-eabi/12.2.1/thumb/v8-m.main+fp/hard\libgcc.a(_arm_truncdfsf2.o)
 .debug_line_str
                0x000001b9        0x8 c:/siliconlabs/simplicitystudio/v5/developer/toolchains/gnu_arm/12.2.rel1_2023.7/bin/../lib/gcc/arm-none-eabi/12.2.1/thumb/v8-m.main+fp/hard\libgcc.a(_aeabi_uldivmod.o)
                                 0xcd (size before relaxing)
 .debug_line_str
                0x000001c1        0xc c:/siliconlabs/simplicitystudio/v5/developer/toolchains/gnu_arm/12.2.rel1_2023.7/bin/../lib/gcc/arm-none-eabi/12.2.1/thumb/v8-m.main+fp/hard\libgcc.a(_dvmd_tls.o)
                                 0xd1 (size before relaxing)

.debug_info     0x00000000    0x306b2
 .debug_info    0x00000000      0x165 ./app.o
 .debug_info    0x00000165     0x24de ./lm_75.o
 .debug_info    0x00002643       0xa1 ./main.o
 .debug_info    0x000026e4       0xc5 ./autogen/sl_board_default_init.o
 .debug_info    0x000027a9     0x11e8 ./autogen/sl_device_init_clocks.o
 .debug_info    0x00003991      0xf3a ./autogen/sl_event_handler.o
 .debug_info    0x000048cb     0x17da ./autogen/sl_iostream_init_usart_instances.o
 .debug_info    0x000060a5      0x5c4 ./gecko_sdk_4.4.1/hardware/board/src/sl_board_control_gpio.o
 .debug_info    0x00006669      0x2c2 ./gecko_sdk_4.4.1/hardware/board/src/sl_board_init.o
 .debug_info    0x0000692b      0x4ce ./gecko_sdk_4.4.1/hardware/driver/configuration_over_swo/src/sl_cos.o
 .debug_info    0x00006df9     0x20be ./gecko_sdk_4.4.1/hardware/driver/mx25_flash_shutdown/src/sl_mx25_flash_shutdown_usart/sl_mx25_flash_shutdown.o
 .debug_info    0x00008eb7      0x3a9 ./gecko_sdk_4.4.1/platform/Device/SiliconLabs/EFR32MG22/Source/startup_efr32mg22.o
 .debug_info    0x00009260     0x201d ./gecko_sdk_4.4.1/platform/Device/SiliconLabs/EFR32MG22/Source/system_efr32mg22.o
 .debug_info    0x0000b27d       0x86 ./gecko_sdk_4.4.1/platform/common/src/sl_assert.o
 .debug_info    0x0000b303      0x306 ./gecko_sdk_4.4.1/platform/common/src/sl_syscalls.o
 .debug_info    0x0000b609      0x205 ./gecko_sdk_4.4.1/platform/common/toolchain/src/sl_memory.o
 .debug_info    0x0000b80e     0x2148 ./gecko_sdk_4.4.1/platform/driver/debug/src/sl_debug_swo.o
 .debug_info    0x0000d956     0x1eb9 ./gecko_sdk_4.4.1/platform/emdrv/dmadrv/src/dmadrv.o
 .debug_info    0x0000f80f     0x78d0 ./gecko_sdk_4.4.1/platform/emlib/src/em_cmu.o
 .debug_info    0x000170df     0x13b2 ./gecko_sdk_4.4.1/platform/emlib/src/em_core.o
 .debug_info    0x00018491     0x3b0f ./gecko_sdk_4.4.1/platform/emlib/src/em_emu.o
 .debug_info    0x0001bfa0     0x21a2 ./gecko_sdk_4.4.1/platform/emlib/src/em_gpio.o
 .debug_info    0x0001e142     0x140a ./gecko_sdk_4.4.1/platform/emlib/src/em_i2c.o
 .debug_info    0x0001f54c     0x1f22 ./gecko_sdk_4.4.1/platform/emlib/src/em_ldma.o
 .debug_info    0x0002146e     0x1b6a ./gecko_sdk_4.4.1/platform/emlib/src/em_system.o
 .debug_info    0x00022fd8     0x4071 ./gecko_sdk_4.4.1/platform/emlib/src/em_usart.o
 .debug_info    0x00027049      0x2c7 ./gecko_sdk_4.4.1/platform/service/device_init/src/sl_device_init_dcdc_s2.o
 .debug_info    0x00027310      0x9b5 ./gecko_sdk_4.4.1/platform/service/device_init/src/sl_device_init_emu_s2.o
 .debug_info    0x00027cc5      0x898 ./gecko_sdk_4.4.1/platform/service/device_init/src/sl_device_init_hfxo_s2.o
 .debug_info    0x0002855d      0x29e ./gecko_sdk_4.4.1/platform/service/device_init/src/sl_device_init_lfxo_s2.o
 .debug_info    0x000287fb      0x7ff ./gecko_sdk_4.4.1/platform/service/device_init/src/sl_device_init_nvic.o
 .debug_info    0x00028ffa      0x66e ./gecko_sdk_4.4.1/platform/service/iostream/src/sl_iostream.o
 .debug_info    0x00029668     0x1dcc ./gecko_sdk_4.4.1/platform/service/iostream/src/sl_iostream_uart.o
 .debug_info    0x0002b434     0x314b ./gecko_sdk_4.4.1/platform/service/iostream/src/sl_iostream_usart.o
 .debug_info    0x0002e57f       0xa7 ./gecko_sdk_4.4.1/platform/service/system/src/sl_system_init.o
 .debug_info    0x0002e626       0x93 ./gecko_sdk_4.4.1/platform/service/system/src/sl_system_process_action.o
 .debug_info    0x0002e6b9      0x1a6 ./gecko_sdk_4.4.1/platform/service/udelay/src/sl_udelay.o
 .debug_info    0x0002e85f       0x26 ./gecko_sdk_4.4.1/platform/service/udelay/src/sl_udelay_armv6m_gcc.o
 .debug_info    0x0002e885     0x1b22 ./gecko_sdk_4.4.1/util/third_party/printf/printf.o
 .debug_info    0x000303a7      0x30b ./gecko_sdk_4.4.1/util/third_party/printf/src/iostream_printf.o

.debug_abbrev   0x00000000     0x5897
 .debug_abbrev  0x00000000      0x111 ./app.o
 .debug_abbrev  0x00000111      0x3ae ./lm_75.o
 .debug_abbrev  0x000004bf       0x5d ./main.o
 .debug_abbrev  0x0000051c       0x87 ./autogen/sl_board_default_init.o
 .debug_abbrev  0x000005a3       0xde ./autogen/sl_device_init_clocks.o
 .debug_abbrev  0x00000681      0x1b3 ./autogen/sl_event_handler.o
 .debug_abbrev  0x00000834      0x287 ./autogen/sl_iostream_init_usart_instances.o
 .debug_abbrev  0x00000abb      0x195 ./gecko_sdk_4.4.1/hardware/board/src/sl_board_control_gpio.o
 .debug_abbrev  0x00000c50      0x116 ./gecko_sdk_4.4.1/hardware/board/src/sl_board_init.o
 .debug_abbrev  0x00000d66      0x20f ./gecko_sdk_4.4.1/hardware/driver/configuration_over_swo/src/sl_cos.o
 .debug_abbrev  0x00000f75      0x238 ./gecko_sdk_4.4.1/hardware/driver/mx25_flash_shutdown/src/sl_mx25_flash_shutdown_usart/sl_mx25_flash_shutdown.o
 .debug_abbrev  0x000011ad      0x22e ./gecko_sdk_4.4.1/platform/Device/SiliconLabs/EFR32MG22/Source/startup_efr32mg22.o
 .debug_abbrev  0x000013db      0x34d ./gecko_sdk_4.4.1/platform/Device/SiliconLabs/EFR32MG22/Source/system_efr32mg22.o
 .debug_abbrev  0x00001728       0x6c ./gecko_sdk_4.4.1/platform/common/src/sl_assert.o
 .debug_abbrev  0x00001794      0x143 ./gecko_sdk_4.4.1/platform/common/src/sl_syscalls.o
 .debug_abbrev  0x000018d7      0x11e ./gecko_sdk_4.4.1/platform/common/toolchain/src/sl_memory.o
 .debug_abbrev  0x000019f5      0x2f6 ./gecko_sdk_4.4.1/platform/driver/debug/src/sl_debug_swo.o
 .debug_abbrev  0x00001ceb      0x3d4 ./gecko_sdk_4.4.1/platform/emdrv/dmadrv/src/dmadrv.o
 .debug_abbrev  0x000020bf      0x5cf ./gecko_sdk_4.4.1/platform/emlib/src/em_cmu.o
 .debug_abbrev  0x0000268e      0x32f ./gecko_sdk_4.4.1/platform/emlib/src/em_core.o
 .debug_abbrev  0x000029bd      0x523 ./gecko_sdk_4.4.1/platform/emlib/src/em_emu.o
 .debug_abbrev  0x00002ee0      0x32f ./gecko_sdk_4.4.1/platform/emlib/src/em_gpio.o
 .debug_abbrev  0x0000320f      0x424 ./gecko_sdk_4.4.1/platform/emlib/src/em_i2c.o
 .debug_abbrev  0x00003633      0x3f2 ./gecko_sdk_4.4.1/platform/emlib/src/em_ldma.o
 .debug_abbrev  0x00003a25      0x2a6 ./gecko_sdk_4.4.1/platform/emlib/src/em_system.o
 .debug_abbrev  0x00003ccb      0x341 ./gecko_sdk_4.4.1/platform/emlib/src/em_usart.o
 .debug_abbrev  0x0000400c       0xf8 ./gecko_sdk_4.4.1/platform/service/device_init/src/sl_device_init_dcdc_s2.o
 .debug_abbrev  0x00004104      0x149 ./gecko_sdk_4.4.1/platform/service/device_init/src/sl_device_init_emu_s2.o
 .debug_abbrev  0x0000424d      0x196 ./gecko_sdk_4.4.1/platform/service/device_init/src/sl_device_init_hfxo_s2.o
 .debug_abbrev  0x000043e3      0x105 ./gecko_sdk_4.4.1/platform/service/device_init/src/sl_device_init_lfxo_s2.o
 .debug_abbrev  0x000044e8      0x14b ./gecko_sdk_4.4.1/platform/service/device_init/src/sl_device_init_nvic.o
 .debug_abbrev  0x00004633      0x2cf ./gecko_sdk_4.4.1/platform/service/iostream/src/sl_iostream.o
 .debug_abbrev  0x00004902      0x47c ./gecko_sdk_4.4.1/platform/service/iostream/src/sl_iostream_uart.o
 .debug_abbrev  0x00004d7e      0x387 ./gecko_sdk_4.4.1/platform/service/iostream/src/sl_iostream_usart.o
 .debug_abbrev  0x00005105       0x5c ./gecko_sdk_4.4.1/platform/service/system/src/sl_system_init.o
 .debug_abbrev  0x00005161       0x5c ./gecko_sdk_4.4.1/platform/service/system/src/sl_system_process_action.o
 .debug_abbrev  0x000051bd      0x11e ./gecko_sdk_4.4.1/platform/service/udelay/src/sl_udelay.o
 .debug_abbrev  0x000052db       0x14 ./gecko_sdk_4.4.1/platform/service/udelay/src/sl_udelay_armv6m_gcc.o
 .debug_abbrev  0x000052ef      0x3e6 ./gecko_sdk_4.4.1/util/third_party/printf/printf.o
 .debug_abbrev  0x000056d5      0x1c2 ./gecko_sdk_4.4.1/util/third_party/printf/src/iostream_printf.o

.debug_loc      0x00000000     0xe214
 .debug_loc     0x00000000       0x41 ./app.o
 .debug_loc     0x00000041      0x4c5 ./lm_75.o
 .debug_loc     0x00000506       0x20 ./main.o
 .debug_loc     0x00000526       0x20 ./autogen/sl_device_init_clocks.o
 .debug_loc     0x00000546       0xa1 ./autogen/sl_event_handler.o
 .debug_loc     0x000005e7       0xfa ./autogen/sl_iostream_init_usart_instances.o
 .debug_loc     0x000006e1      0x2ee ./gecko_sdk_4.4.1/hardware/board/src/sl_board_control_gpio.o
 .debug_loc     0x000009cf       0x2c ./gecko_sdk_4.4.1/hardware/board/src/sl_board_init.o
 .debug_loc     0x000009fb      0x31e ./gecko_sdk_4.4.1/hardware/driver/configuration_over_swo/src/sl_cos.o
 .debug_loc     0x00000d19       0x90 ./gecko_sdk_4.4.1/hardware/driver/mx25_flash_shutdown/src/sl_mx25_flash_shutdown_usart/sl_mx25_flash_shutdown.o
 .debug_loc     0x00000da9       0x8e ./gecko_sdk_4.4.1/platform/Device/SiliconLabs/EFR32MG22/Source/startup_efr32mg22.o
 .debug_loc     0x00000e37      0x22a ./gecko_sdk_4.4.1/platform/Device/SiliconLabs/EFR32MG22/Source/system_efr32mg22.o
 .debug_loc     0x00001061       0x2a ./gecko_sdk_4.4.1/platform/common/src/sl_assert.o
 .debug_loc     0x0000108b      0x118 ./gecko_sdk_4.4.1/platform/common/src/sl_syscalls.o
 .debug_loc     0x000011a3       0xa9 ./gecko_sdk_4.4.1/platform/common/toolchain/src/sl_memory.o
 .debug_loc     0x0000124c      0x24d ./gecko_sdk_4.4.1/platform/driver/debug/src/sl_debug_swo.o
 .debug_loc     0x00001499     0x1105 ./gecko_sdk_4.4.1/platform/emdrv/dmadrv/src/dmadrv.o
 .debug_loc     0x0000259e     0x382a ./gecko_sdk_4.4.1/platform/emlib/src/em_cmu.o
 .debug_loc     0x00005dc8      0x926 ./gecko_sdk_4.4.1/platform/emlib/src/em_core.o
 .debug_loc     0x000066ee      0x950 ./gecko_sdk_4.4.1/platform/emlib/src/em_emu.o
 .debug_loc     0x0000703e      0x93d ./gecko_sdk_4.4.1/platform/emlib/src/em_gpio.o
 .debug_loc     0x0000797b      0xf9b ./gecko_sdk_4.4.1/platform/emlib/src/em_i2c.o
 .debug_loc     0x00008916      0x5db ./gecko_sdk_4.4.1/platform/emlib/src/em_ldma.o
 .debug_loc     0x00008ef1      0x146 ./gecko_sdk_4.4.1/platform/emlib/src/em_system.o
 .debug_loc     0x00009037      0xa9a ./gecko_sdk_4.4.1/platform/emlib/src/em_usart.o
 .debug_loc     0x00009ad1       0x2c ./gecko_sdk_4.4.1/platform/service/device_init/src/sl_device_init_dcdc_s2.o
 .debug_loc     0x00009afd       0x2c ./gecko_sdk_4.4.1/platform/service/device_init/src/sl_device_init_emu_s2.o
 .debug_loc     0x00009b29       0xbd ./gecko_sdk_4.4.1/platform/service/device_init/src/sl_device_init_hfxo_s2.o
 .debug_loc     0x00009be6       0x38 ./gecko_sdk_4.4.1/platform/service/device_init/src/sl_device_init_lfxo_s2.o
 .debug_loc     0x00009c1e       0x79 ./gecko_sdk_4.4.1/platform/service/device_init/src/sl_device_init_nvic.o
 .debug_loc     0x00009c97      0x5c0 ./gecko_sdk_4.4.1/platform/service/iostream/src/sl_iostream.o
 .debug_loc     0x0000a257      0xd22 ./gecko_sdk_4.4.1/platform/service/iostream/src/sl_iostream_uart.o
 .debug_loc     0x0000af79      0x42c ./gecko_sdk_4.4.1/platform/service/iostream/src/sl_iostream_usart.o
 .debug_loc     0x0000b3a5       0x2c ./gecko_sdk_4.4.1/platform/service/system/src/sl_system_init.o
 .debug_loc     0x0000b3d1       0x2c ./gecko_sdk_4.4.1/platform/service/system/src/sl_system_process_action.o
 .debug_loc     0x0000b3fd      0x195 ./gecko_sdk_4.4.1/platform/service/udelay/src/sl_udelay.o
 .debug_loc     0x0000b592     0x2b3d ./gecko_sdk_4.4.1/util/third_party/printf/printf.o
 .debug_loc     0x0000e0cf      0x145 ./gecko_sdk_4.4.1/util/third_party/printf/src/iostream_printf.o

.debug_aranges  0x00000000      0xdf8
 .debug_aranges
                0x00000000       0x28 ./app.o
 .debug_aranges
                0x00000028       0x68 ./lm_75.o
 .debug_aranges
                0x00000090       0x20 ./main.o
 .debug_aranges
                0x000000b0       0x20 ./autogen/sl_board_default_init.o
 .debug_aranges
                0x000000d0       0x20 ./autogen/sl_device_init_clocks.o
 .debug_aranges
                0x000000f0       0x68 ./autogen/sl_event_handler.o
 .debug_aranges
                0x00000158       0x38 ./autogen/sl_iostream_init_usart_instances.o
 .debug_aranges
                0x00000190       0x70 ./gecko_sdk_4.4.1/hardware/board/src/sl_board_control_gpio.o
 .debug_aranges
                0x00000200       0x28 ./gecko_sdk_4.4.1/hardware/board/src/sl_board_init.o
 .debug_aranges
                0x00000228       0x38 ./gecko_sdk_4.4.1/hardware/driver/configuration_over_swo/src/sl_cos.o
 .debug_aranges
                0x00000260       0x30 ./gecko_sdk_4.4.1/hardware/driver/mx25_flash_shutdown/src/sl_mx25_flash_shutdown_usart/sl_mx25_flash_shutdown.o
 .debug_aranges
                0x00000290       0x30 ./gecko_sdk_4.4.1/platform/Device/SiliconLabs/EFR32MG22/Source/startup_efr32mg22.o
 .debug_aranges
                0x000002c0       0x90 ./gecko_sdk_4.4.1/platform/Device/SiliconLabs/EFR32MG22/Source/system_efr32mg22.o
 .debug_aranges
                0x00000350       0x20 ./gecko_sdk_4.4.1/platform/common/src/sl_assert.o
 .debug_aranges
                0x00000370       0x68 ./gecko_sdk_4.4.1/platform/common/src/sl_syscalls.o
 .debug_aranges
                0x000003d8       0x30 ./gecko_sdk_4.4.1/platform/common/toolchain/src/sl_memory.o
 .debug_aranges
                0x00000408       0x48 ./gecko_sdk_4.4.1/platform/driver/debug/src/sl_debug_swo.o
 .debug_aranges
                0x00000450       0xa8 ./gecko_sdk_4.4.1/platform/emdrv/dmadrv/src/dmadrv.o
 .debug_aranges
                0x000004f8      0x1b8 ./gecko_sdk_4.4.1/platform/emlib/src/em_cmu.o
 .debug_aranges
                0x000006b0       0xe8 ./gecko_sdk_4.4.1/platform/emlib/src/em_core.o
 .debug_aranges
                0x00000798      0x130 ./gecko_sdk_4.4.1/platform/emlib/src/em_emu.o
 .debug_aranges
                0x000008c8       0x68 ./gecko_sdk_4.4.1/platform/emlib/src/em_gpio.o
 .debug_aranges
                0x00000930       0x50 ./gecko_sdk_4.4.1/platform/emlib/src/em_i2c.o
 .debug_aranges
                0x00000980       0x50 ./gecko_sdk_4.4.1/platform/emlib/src/em_ldma.o
 .debug_aranges
                0x000009d0       0x78 ./gecko_sdk_4.4.1/platform/emlib/src/em_system.o
 .debug_aranges
                0x00000a48       0xb8 ./gecko_sdk_4.4.1/platform/emlib/src/em_usart.o
 .debug_aranges
                0x00000b00       0x20 ./gecko_sdk_4.4.1/platform/service/device_init/src/sl_device_init_dcdc_s2.o
 .debug_aranges
                0x00000b20       0x20 ./gecko_sdk_4.4.1/platform/service/device_init/src/sl_device_init_emu_s2.o
 .debug_aranges
                0x00000b40       0x20 ./gecko_sdk_4.4.1/platform/service/device_init/src/sl_device_init_hfxo_s2.o
 .debug_aranges
                0x00000b60       0x20 ./gecko_sdk_4.4.1/platform/service/device_init/src/sl_device_init_lfxo_s2.o
 .debug_aranges
                0x00000b80       0x20 ./gecko_sdk_4.4.1/platform/service/device_init/src/sl_device_init_nvic.o
 .debug_aranges
                0x00000ba0       0x60 ./gecko_sdk_4.4.1/platform/service/iostream/src/sl_iostream.o
 .debug_aranges
                0x00000c00       0x58 ./gecko_sdk_4.4.1/platform/service/iostream/src/sl_iostream_uart.o
 .debug_aranges
                0x00000c58       0x40 ./gecko_sdk_4.4.1/platform/service/iostream/src/sl_iostream_usart.o
 .debug_aranges
                0x00000c98       0x20 ./gecko_sdk_4.4.1/platform/service/system/src/sl_system_init.o
 .debug_aranges
                0x00000cb8       0x20 ./gecko_sdk_4.4.1/platform/service/system/src/sl_system_process_action.o
 .debug_aranges
                0x00000cd8       0x20 ./gecko_sdk_4.4.1/platform/service/udelay/src/sl_udelay.o
 .debug_aranges
                0x00000cf8       0x20 ./gecko_sdk_4.4.1/platform/service/udelay/src/sl_udelay_armv6m_gcc.o
 .debug_aranges
                0x00000d18       0xb0 ./gecko_sdk_4.4.1/util/third_party/printf/printf.o
 .debug_aranges
                0x00000dc8       0x30 ./gecko_sdk_4.4.1/util/third_party/printf/src/iostream_printf.o

.debug_ranges   0x00000000     0x14c0
 .debug_ranges  0x00000000       0x18 ./app.o
 .debug_ranges  0x00000018       0x70 ./lm_75.o
 .debug_ranges  0x00000088       0x10 ./main.o
 .debug_ranges  0x00000098       0x10 ./autogen/sl_board_default_init.o
 .debug_ranges  0x000000a8       0x10 ./autogen/sl_device_init_clocks.o
 .debug_ranges  0x000000b8       0x70 ./autogen/sl_event_handler.o
 .debug_ranges  0x00000128       0x28 ./autogen/sl_iostream_init_usart_instances.o
 .debug_ranges  0x00000150       0x60 ./gecko_sdk_4.4.1/hardware/board/src/sl_board_control_gpio.o
 .debug_ranges  0x000001b0       0x18 ./gecko_sdk_4.4.1/hardware/board/src/sl_board_init.o
 .debug_ranges  0x000001c8       0x40 ./gecko_sdk_4.4.1/hardware/driver/configuration_over_swo/src/sl_cos.o
 .debug_ranges  0x00000208       0x20 ./gecko_sdk_4.4.1/hardware/driver/mx25_flash_shutdown/src/sl_mx25_flash_shutdown_usart/sl_mx25_flash_shutdown.o
 .debug_ranges  0x00000228       0x88 ./gecko_sdk_4.4.1/platform/Device/SiliconLabs/EFR32MG22/Source/startup_efr32mg22.o
 .debug_ranges  0x000002b0       0x98 ./gecko_sdk_4.4.1/platform/Device/SiliconLabs/EFR32MG22/Source/system_efr32mg22.o
 .debug_ranges  0x00000348       0x10 ./gecko_sdk_4.4.1/platform/common/src/sl_assert.o
 .debug_ranges  0x00000358       0x58 ./gecko_sdk_4.4.1/platform/common/src/sl_syscalls.o
 .debug_ranges  0x000003b0       0x20 ./gecko_sdk_4.4.1/platform/common/toolchain/src/sl_memory.o
 .debug_ranges  0x000003d0       0x50 ./gecko_sdk_4.4.1/platform/driver/debug/src/sl_debug_swo.o
 .debug_ranges  0x00000420       0xb0 ./gecko_sdk_4.4.1/platform/emdrv/dmadrv/src/dmadrv.o
 .debug_ranges  0x000004d0      0x338 ./gecko_sdk_4.4.1/platform/emlib/src/em_cmu.o
 .debug_ranges  0x00000808      0x1a0 ./gecko_sdk_4.4.1/platform/emlib/src/em_core.o
 .debug_ranges  0x000009a8      0x2b8 ./gecko_sdk_4.4.1/platform/emlib/src/em_emu.o
 .debug_ranges  0x00000c60       0x70 ./gecko_sdk_4.4.1/platform/emlib/src/em_gpio.o
 .debug_ranges  0x00000cd0      0x138 ./gecko_sdk_4.4.1/platform/emlib/src/em_i2c.o
 .debug_ranges  0x00000e08       0x88 ./gecko_sdk_4.4.1/platform/emlib/src/em_ldma.o
 .debug_ranges  0x00000e90       0x80 ./gecko_sdk_4.4.1/platform/emlib/src/em_system.o
 .debug_ranges  0x00000f10      0x108 ./gecko_sdk_4.4.1/platform/emlib/src/em_usart.o
 .debug_ranges  0x00001018       0x10 ./gecko_sdk_4.4.1/platform/service/device_init/src/sl_device_init_dcdc_s2.o
 .debug_ranges  0x00001028       0x10 ./gecko_sdk_4.4.1/platform/service/device_init/src/sl_device_init_emu_s2.o
 .debug_ranges  0x00001038       0x10 ./gecko_sdk_4.4.1/platform/service/device_init/src/sl_device_init_hfxo_s2.o
 .debug_ranges  0x00001048       0x10 ./gecko_sdk_4.4.1/platform/service/device_init/src/sl_device_init_lfxo_s2.o
 .debug_ranges  0x00001058       0x58 ./gecko_sdk_4.4.1/platform/service/device_init/src/sl_device_init_nvic.o
 .debug_ranges  0x000010b0       0x50 ./gecko_sdk_4.4.1/platform/service/iostream/src/sl_iostream.o
 .debug_ranges  0x00001100       0xf8 ./gecko_sdk_4.4.1/platform/service/iostream/src/sl_iostream_uart.o
 .debug_ranges  0x000011f8       0x68 ./gecko_sdk_4.4.1/platform/service/iostream/src/sl_iostream_usart.o
 .debug_ranges  0x00001260       0x10 ./gecko_sdk_4.4.1/platform/service/system/src/sl_system_init.o
 .debug_ranges  0x00001270       0x10 ./gecko_sdk_4.4.1/platform/service/system/src/sl_system_process_action.o
 .debug_ranges  0x00001280       0x28 ./gecko_sdk_4.4.1/platform/service/udelay/src/sl_udelay.o
 .debug_ranges  0x000012a8      0x1f8 ./gecko_sdk_4.4.1/util/third_party/printf/printf.o
 .debug_ranges  0x000014a0       0x20 ./gecko_sdk_4.4.1/util/third_party/printf/src/iostream_printf.o

.debug_line     0x00000000     0xff10
 .debug_line    0x00000000       0xe0 ./app.o
 .debug_line    0x000000e0      0x6d5 ./lm_75.o
 .debug_line    0x000007b5       0xfc ./main.o
 .debug_line    0x000008b1      0x230 ./autogen/sl_board_default_init.o
 .debug_line    0x00000ae1      0x2f2 ./autogen/sl_device_init_clocks.o
 .debug_line    0x00000dd3      0x682 ./autogen/sl_event_handler.o
 .debug_line    0x00001455      0x614 ./autogen/sl_iostream_init_usart_instances.o
 .debug_line    0x00001a69      0x49f ./gecko_sdk_4.4.1/hardware/board/src/sl_board_control_gpio.o
 .debug_line    0x00001f08      0x297 ./gecko_sdk_4.4.1/hardware/board/src/sl_board_init.o
 .debug_line    0x0000219f      0x4db ./gecko_sdk_4.4.1/hardware/driver/configuration_over_swo/src/sl_cos.o
 .debug_line    0x0000267a      0x4b3 ./gecko_sdk_4.4.1/hardware/driver/mx25_flash_shutdown/src/sl_mx25_flash_shutdown_usart/sl_mx25_flash_shutdown.o
 .debug_line    0x00002b2d      0x334 ./gecko_sdk_4.4.1/platform/Device/SiliconLabs/EFR32MG22/Source/startup_efr32mg22.o